Archive member included to satisfy reference by file (symbol)

/home/aldair/src/Firmware/px4io-v2/NuttX/nuttx-export/libs/libnuttx.a(sched-irq_attach.o)
                              CMakeFiles/px4io-v2.dir/__/__/drivers/stm32/drv_hrt.c.obj (irq_attach)
/home/aldair/src/Firmware/px4io-v2/NuttX/nuttx-export/libs/libnuttx.a(sched-irq_initialize.o)
                              /home/aldair/src/Firmware/px4io-v2/NuttX/nuttx-export/libs/libnuttx.a(sched-irq_attach.o) (g_irqvector)
/home/aldair/src/Firmware/px4io-v2/NuttX/nuttx-export/libs/libnuttx.a(sched-irq_unexpectedisr.o)
                              /home/aldair/src/Firmware/px4io-v2/NuttX/nuttx-export/libs/libnuttx.a(sched-irq_attach.o) (irq_unexpected_isr)
/home/aldair/src/Firmware/px4io-v2/NuttX/nuttx-export/libs/libnuttx.a(c-lib_abort.o)
                              (abort)
/home/aldair/src/Firmware/px4io-v2/NuttX/nuttx-export/libs/libnuttx.a(c-lib_cfsetspeed.o)
                              CMakeFiles/px4io-v2.dir/__/__/lib/rc/sbus.c.obj (cfsetspeed)
/home/aldair/src/Firmware/px4io-v2/NuttX/nuttx-export/libs/libnuttx.a(c-lib_crc32.o)
                              CMakeFiles/px4io-v2.dir/px4io.c.obj (crc32part)
/home/aldair/src/Firmware/px4io-v2/NuttX/nuttx-export/libs/libnuttx.a(c-lib_dprintf.o)
                              CMakeFiles/px4io-v2.dir/__/systemlib/perf_counter.c.obj (dprintf)
/home/aldair/src/Firmware/px4io-v2/NuttX/nuttx-export/libs/libnuttx.a(c-lib_lowsyslog.o)
                              CMakeFiles/px4io-v2.dir/px4io.c.obj (lowsyslog)
/home/aldair/src/Firmware/px4io-v2/NuttX/nuttx-export/libs/libnuttx.a(c-lib_memchr.o)
                              CMakeFiles/px4io-v2.dir/__/systemlib/mixer/mixer.cpp.obj (memchr)
/home/aldair/src/Firmware/px4io-v2/NuttX/nuttx-export/libs/libnuttx.a(c-lib_memcpy.o)
                              CMakeFiles/px4io-v2.dir/mixer.cpp.obj (memcpy)
/home/aldair/src/Firmware/px4io-v2/NuttX/nuttx-export/libs/libnuttx.a(c-lib_memset.o)
                              CMakeFiles/px4io-v2.dir/registers.c.obj (memset)
/home/aldair/src/Firmware/px4io-v2/NuttX/nuttx-export/libs/libnuttx.a(c-lib_printf.o)
                              CMakeFiles/px4io-v2.dir/__/systemlib/perf_counter.c.obj (printf)
/home/aldair/src/Firmware/px4io-v2/NuttX/nuttx-export/libs/libnuttx.a(c-lib_sscanf.o)
                              CMakeFiles/px4io-v2.dir/__/systemlib/mixer/mixer_multirotor.cpp.obj (sscanf)
/home/aldair/src/Firmware/px4io-v2/NuttX/nuttx-export/libs/libnuttx.a(c-lib_strchr.o)
                              /home/aldair/src/Firmware/px4io-v2/NuttX/nuttx-export/libs/libnuttx.a(c-lib_sscanf.o) (strchr)
/home/aldair/src/Firmware/px4io-v2/NuttX/nuttx-export/libs/libnuttx.a(c-lib_strcmp.o)
                              CMakeFiles/px4io-v2.dir/__/systemlib/perf_counter.c.obj (strcmp)
/home/aldair/src/Firmware/px4io-v2/NuttX/nuttx-export/libs/libnuttx.a(c-lib_strcspn.o)
                              /home/aldair/src/Firmware/px4io-v2/NuttX/nuttx-export/libs/libnuttx.a(c-lib_sscanf.o) (strcspn)
/home/aldair/src/Firmware/px4io-v2/NuttX/nuttx-export/libs/libnuttx.a(c-lib_strncpy.o)
                              /home/aldair/src/Firmware/px4io-v2/NuttX/nuttx-export/libs/libnuttx.a(c-lib_sscanf.o) (strncpy)
/home/aldair/src/Firmware/px4io-v2/NuttX/nuttx-export/libs/libnuttx.a(c-lib_strtol.o)
                              /home/aldair/src/Firmware/px4io-v2/NuttX/nuttx-export/libs/libnuttx.a(c-lib_sscanf.o) (strtol)
/home/aldair/src/Firmware/px4io-v2/NuttX/nuttx-export/libs/libnuttx.a(c-lib_strtoul.o)
                              /home/aldair/src/Firmware/px4io-v2/NuttX/nuttx-export/libs/libnuttx.a(c-lib_strtol.o) (strtoul)
/home/aldair/src/Firmware/px4io-v2/NuttX/nuttx-export/libs/libnuttx.a(c-lib_syslog.o)
                              /home/aldair/src/Firmware/px4io-v2/NuttX/nuttx-export/libs/libnuttx.a(c-lib_printf.o) (vsyslog)
/home/aldair/src/Firmware/px4io-v2/NuttX/nuttx-export/libs/libnuttx.a(c-lib_tcgetattr.o)
                              CMakeFiles/px4io-v2.dir/__/__/lib/rc/sbus.c.obj (tcgetattr)
/home/aldair/src/Firmware/px4io-v2/NuttX/nuttx-export/libs/libnuttx.a(c-lib_tcsetattr.o)
                              CMakeFiles/px4io-v2.dir/__/__/lib/rc/sbus.c.obj (tcsetattr)
/home/aldair/src/Firmware/px4io-v2/NuttX/nuttx-export/libs/libnuttx.a(c-lib_vdprintf.o)
                              /home/aldair/src/Firmware/px4io-v2/NuttX/nuttx-export/libs/libnuttx.a(c-lib_dprintf.o) (vdprintf)
/home/aldair/src/Firmware/px4io-v2/NuttX/nuttx-export/libs/libnuttx.a(c-lib_vsnprintf.o)
                              CMakeFiles/px4io-v2.dir/px4io.c.obj (vsnprintf)
/home/aldair/src/Firmware/px4io-v2/NuttX/nuttx-export/libs/libnuttx.a(c-sq_addafter.o)
                              CMakeFiles/px4io-v2.dir/__/__/drivers/stm32/drv_hrt.c.obj (sq_addafter)
/home/aldair/src/Firmware/px4io-v2/NuttX/nuttx-export/libs/libnuttx.a(c-sq_addfirst.o)
                              CMakeFiles/px4io-v2.dir/__/systemlib/perf_counter.c.obj (sq_addfirst)
[...]
Memory Configuration

Name             Origin             Length             Attributes
flash            0x0000000008001000 0x000000000000f000 xr
sram             0x0000000020000000 0x0000000000002000 xrw
*default*        0x0000000000000000 0xffffffffffffffff

Linker script and memory map

LOAD CMakeFiles/px4io-v2.dir/adc.c.obj
LOAD CMakeFiles/px4io-v2.dir/controls.c.obj
LOAD CMakeFiles/px4io-v2.dir/px4io.c.obj
LOAD CMakeFiles/px4io-v2.dir/registers.c.obj
LOAD CMakeFiles/px4io-v2.dir/safety.c.obj
LOAD CMakeFiles/px4io-v2.dir/__/systemlib/up_cxxinitialize.c.obj
LOAD CMakeFiles/px4io-v2.dir/__/systemlib/perf_counter.c.obj
LOAD CMakeFiles/px4io-v2.dir/mixer.cpp.obj
LOAD CMakeFiles/px4io-v2.dir/__/systemlib/mixer/mixer.cpp.obj
LOAD CMakeFiles/px4io-v2.dir/__/systemlib/mixer/mixer_group.cpp.obj
LOAD CMakeFiles/px4io-v2.dir/__/systemlib/mixer/mixer_multirotor.cpp.obj
LOAD CMakeFiles/px4io-v2.dir/__/systemlib/mixer/mixer_simple.cpp.obj
LOAD CMakeFiles/px4io-v2.dir/__/systemlib/pwm_limit/pwm_limit.c.obj
LOAD CMakeFiles/px4io-v2.dir/__/__/lib/rc/st24.c.obj
LOAD CMakeFiles/px4io-v2.dir/__/__/lib/rc/sumd.c.obj
LOAD CMakeFiles/px4io-v2.dir/__/__/lib/rc/sbus.c.obj
LOAD CMakeFiles/px4io-v2.dir/__/__/lib/rc/dsm.c.obj
LOAD CMakeFiles/px4io-v2.dir/__/__/drivers/stm32/drv_hrt.c.obj
LOAD CMakeFiles/px4io-v2.dir/__/__/drivers/stm32/drv_io_timer.c.obj
LOAD CMakeFiles/px4io-v2.dir/__/__/drivers/stm32/drv_pwm_servo.c.obj
LOAD CMakeFiles/px4io-v2.dir/__/__/drivers/boards/px4io-v2/px4io_init.c.obj
LOAD CMakeFiles/px4io-v2.dir/__/__/drivers/boards/px4io-v2/px4io_timer_config.c.obj
LOAD CMakeFiles/px4io-v2.dir/serial.c.obj
LOAD CMakeFiles/px4io-v2.dir/__/systemlib/hx_stream.c.obj
START GROUP
LOAD /home/aldair/src/Firmware/px4io-v2/NuttX/nuttx-export/libs/libapps.a
LOAD /home/aldair/src/Firmware/px4io-v2/NuttX/nuttx-export/libs/libnuttx.a
LOAD /usr/lib/gcc/arm-none-eabi/4.9.3/../../../arm-none-eabi/lib/armv7-m/libnosys.a
LOAD /usr/lib/gcc/arm-none-eabi/4.9.3/../../../arm-none-eabi/lib/armv7-m/libm.a
LOAD /usr/lib/gcc/arm-none-eabi/4.9.3/armv7-m/libgcc.a
END GROUP

.text           0x0000000008001000     0xb1d0
                0x0000000008001000                _stext = ABSOLUTE (.)
 *(.vectors)
 .vectors       0x0000000008001000      0x134 /home/aldair/src/Firmware/px4io-v2/NuttX/nuttx-export/libs/libnuttx.a(arch-up_vectors.o)
                0x0000000008001000                _vectors
 *(.text .text.*)
 .text.adc_init
                0x0000000008001134       0x98 CMakeFiles/px4io-v2.dir/adc.c.obj
                0x0000000008001134                adc_init
 .text.adc_measure
                0x00000000080011cc       0x80 CMakeFiles/px4io-v2.dir/adc.c.obj
                0x00000000080011cc                adc_measure
 .text.controls_init
                0x000000000800124c       0x90 CMakeFiles/px4io-v2.dir/controls.c.obj
                0x000000000800124c                controls_init
 .text.controls_tick
                0x00000000080012dc      0x6ec CMakeFiles/px4io-v2.dir/controls.c.obj
                0x00000000080012dc                controls_tick
 .text.isr_debug
                0x00000000080019c8       0x60 CMakeFiles/px4io-v2.dir/px4io.c.obj
                0x00000000080019c8                isr_debug
 .text.schedule_reboot
                0x0000000008001a28       0x1c CMakeFiles/px4io-v2.dir/px4io.c.obj
                0x0000000008001a28                schedule_reboot
 .text.user_start
                0x0000000008001a44      0x33c CMakeFiles/px4io-v2.dir/px4io.c.obj
                0x0000000008001a44                user_start
 .text.pwm_configure_rates
                0x0000000008001d80       0x90 CMakeFiles/px4io-v2.dir/registers.c.obj
 .text.registers_set
                0x0000000008001e10      0x6ac CMakeFiles/px4io-v2.dir/registers.c.obj
                0x0000000008001e10                registers_set
 .text.registers_get
                0x00000000080024bc      0x288 CMakeFiles/px4io-v2.dir/registers.c.obj
                0x00000000080024bc                registers_get
 .text.safety_check_button
                0x0000000008002744       0xe8 CMakeFiles/px4io-v2.dir/safety.c.obj
 .text.failsafe_blink
                0x000000000800282c       0x40 CMakeFiles/px4io-v2.dir/safety.c.obj
 .text.safety_init
                0x000000000800286c       0x34 CMakeFiles/px4io-v2.dir/safety.c.obj
                0x000000000800286c                safety_init
 .text.failsafe_led_init
                0x00000000080028a0       0x34 CMakeFiles/px4io-v2.dir/safety.c.obj
                0x00000000080028a0                failsafe_led_init
 .text.up_cxxinitialize
                0x00000000080028d4       0x38 CMakeFiles/px4io-v2.dir/__/systemlib/up_cxxinitialize.c.obj
                0x00000000080028d4                up_cxxinitialize
 .text.perf_count
                0x000000000800290c      0x100 CMakeFiles/px4io-v2.dir/__/systemlib/perf_counter.c.obj
                0x000000000800290c                perf_count
 .text.perf_begin
                0x0000000008002a0c       0x18 CMakeFiles/px4io-v2.dir/__/systemlib/perf_counter.c.obj
                0x0000000008002a0c                perf_begin
 .text.perf_end
                0x0000000008002a24       0xe0 CMakeFiles/px4io-v2.dir/__/systemlib/perf_counter.c.obj
                0x0000000008002a24                perf_end
 .text._ZL14mixer_callbackjhhRf
                0x0000000008002b04      0x1e8 CMakeFiles/px4io-v2.dir/mixer.cpp.obj
 .text.mixer_handle_text
                0x0000000008002cec      0x118 CMakeFiles/px4io-v2.dir/mixer.cpp.obj
                0x0000000008002cec                mixer_handle_text
 .text.startup._GLOBAL__sub_I_mixer_tick
                0x0000000008002e04       0x2c CMakeFiles/px4io-v2.dir/mixer.cpp.obj
 .text.mixer_tick
                0x0000000008002e30      0x464 CMakeFiles/px4io-v2.dir/mixer.cpp.obj
                0x0000000008002e30                mixer_tick
 .text.mixer_set_failsafe
                0x0000000008003294       0x80 CMakeFiles/px4io-v2.dir/mixer.cpp.obj
                0x0000000008003294                mixer_set_failsafe
 .text._ZN9NullMixerD2Ev
                0x0000000008003314        0x4 CMakeFiles/px4io-v2.dir/__/systemlib/mixer/mixer.cpp.obj
                0x0000000008003314                NullMixer::~NullMixer()
                0x0000000008003314                NullMixer::~NullMixer()
 .text._ZN9NullMixer3mixEPfjPt
                0x0000000008003318       0x10 CMakeFiles/px4io-v2.dir/__/systemlib/mixer/mixer.cpp.obj
                0x0000000008003318                NullMixer::mix(float*, unsigned int, unsigned short*)
 .text._ZN9NullMixer15groups_requiredERj
                0x0000000008003328        0x4 CMakeFiles/px4io-v2.dir/__/systemlib/mixer/mixer.cpp.obj
                0x0000000008003328                NullMixer::groups_required(unsigned int&)
 .text._ZN9NullMixerD0Ev
                0x000000000800332c        0xc CMakeFiles/px4io-v2.dir/__/systemlib/mixer/mixer.cpp.obj
                0x000000000800332c                NullMixer::~NullMixer()
 .text._ZN5MixerC2EPFijhhRfEj
                0x0000000008003338       0x18 CMakeFiles/px4io-v2.dir/__/systemlib/mixer/mixer.cpp.obj
                0x0000000008003338                Mixer::Mixer(int (*)(unsigned int, unsigned char, unsigned char, float&), unsigned int)
                0x0000000008003338                Mixer::Mixer(int (*)(unsigned int, unsigned char, unsigned char, float&), unsigned int)
 .text._ZN5Mixer11get_controlEhh
                0x0000000008003350       0x14 CMakeFiles/px4io-v2.dir/__/systemlib/mixer/mixer.cpp.obj
                0x0000000008003350                Mixer::get_control(unsigned char, unsigned char)
 .text._ZN5Mixer5scaleERK14mixer_scaler_sf
                0x0000000008003364       0x54 CMakeFiles/px4io-v2.dir/__/systemlib/mixer/mixer.cpp.obj
                0x0000000008003364                Mixer::scale(mixer_scaler_s const&, float)
 .text._ZN5Mixer7findtagEPKcRjc
                0x00000000080033b8       0x34 CMakeFiles/px4io-v2.dir/__/systemlib/mixer/mixer.cpp.obj
                0x00000000080033b8                Mixer::findtag(char const*, unsigned int&, char)
 .text._ZN5Mixer8skiplineEPKcRj
                0x00000000080033ec       0x30 CMakeFiles/px4io-v2.dir/__/systemlib/mixer/mixer.cpp.obj
                0x00000000080033ec                Mixer::skipline(char const*, unsigned int&)
 .text._ZN9NullMixer9from_textEPKcRj
                0x000000000800341c       0x60 CMakeFiles/px4io-v2.dir/__/systemlib/mixer/mixer.cpp.obj
                0x000000000800341c                NullMixer::from_text(char const*, unsigned int&)
 .text._ZN10MixerGroupD2Ev
                0x000000000800347c       0x28 CMakeFiles/px4io-v2.dir/__/systemlib/mixer/mixer_group.cpp.obj
                0x000000000800347c                MixerGroup::~MixerGroup()
                0x000000000800347c                MixerGroup::~MixerGroup()
 .text._ZN10MixerGroup3mixEPfjPt
                0x00000000080034a4       0x40 CMakeFiles/px4io-v2.dir/__/systemlib/mixer/mixer_group.cpp.obj
                0x00000000080034a4                MixerGroup::mix(float*, unsigned int, unsigned short*)
 .text._ZN10MixerGroup15groups_requiredERj
                0x00000000080034e4       0x1c CMakeFiles/px4io-v2.dir/__/systemlib/mixer/mixer_group.cpp.obj
                0x00000000080034e4                MixerGroup::groups_required(unsigned int&)
 .text._ZN10MixerGroupD0Ev
                0x0000000008003500       0x2c CMakeFiles/px4io-v2.dir/__/systemlib/mixer/mixer_group.cpp.obj
                0x0000000008003500                MixerGroup::~MixerGroup()
 .text._ZN10MixerGroupC2EPFijhhRfEj
                0x000000000800352c       0x18 CMakeFiles/px4io-v2.dir/__/systemlib/mixer/mixer_group.cpp.obj
                0x000000000800352c                MixerGroup::MixerGroup(int (*)(unsigned int, unsigned char, unsigned char, float&), unsigned int)
                0x000000000800352c                MixerGroup::MixerGroup(int (*)(unsigned int, unsigned char, unsigned char, float&), unsigned int)
 .text._ZN10MixerGroup5resetEv
                0x0000000008003544       0x1c CMakeFiles/px4io-v2.dir/__/systemlib/mixer/mixer_group.cpp.obj
                0x0000000008003544                MixerGroup::reset()
 .text._ZN10MixerGroup13load_from_bufEPKcRj
                0x0000000008003560       0x90 CMakeFiles/px4io-v2.dir/__/systemlib/mixer/mixer_group.cpp.obj
                0x0000000008003560                MixerGroup::load_from_buf(char const*, unsigned int&)
 .text._ZN15MultirotorMixerD2Ev
                0x00000000080035f0        0x4 CMakeFiles/px4io-v2.dir/__/systemlib/mixer/mixer_multirotor.cpp.obj
                0x00000000080035f0                MultirotorMixer::~MultirotorMixer()
                0x00000000080035f0                MultirotorMixer::~MultirotorMixer()
 .text._ZN15MultirotorMixer15groups_requiredERj
                0x00000000080035f4        0xc CMakeFiles/px4io-v2.dir/__/systemlib/mixer/mixer_multirotor.cpp.obj
                0x00000000080035f4                MultirotorMixer::groups_required(unsigned int&)
 .text._ZN15MultirotorMixerD0Ev
                0x0000000008003600        0xc CMakeFiles/px4io-v2.dir/__/systemlib/mixer/mixer_multirotor.cpp.obj
                0x0000000008003600                MultirotorMixer::~MultirotorMixer()
 .text._ZN15MultirotorMixer3mixEPfjPt
                0x000000000800360c      0x710 CMakeFiles/px4io-v2.dir/__/systemlib/mixer/mixer_multirotor.cpp.obj
                0x000000000800360c                MultirotorMixer::mix(float*, unsigned int, unsigned short*)
 .text._ZN15MultirotorMixer9from_textEPFijhhRfEjPKcRj
                0x0000000008003d1c      0x234 CMakeFiles/px4io-v2.dir/__/systemlib/mixer/mixer_multirotor.cpp.obj
                0x0000000008003d1c                MultirotorMixer::from_text(int (*)(unsigned int, unsigned char, unsigned char, float&), unsigned int, char const*, unsigned int&)
 .text._ZN11SimpleMixer15groups_requiredERj
                0x0000000008003f50       0x30 CMakeFiles/px4io-v2.dir/__/systemlib/mixer/mixer_simple.cpp.obj
                0x0000000008003f50                SimpleMixer::groups_required(unsigned int&)
 .text._ZN11SimpleMixerD2Ev
                0x0000000008003f80       0x18 CMakeFiles/px4io-v2.dir/__/systemlib/mixer/mixer_simple.cpp.obj
                0x0000000008003f80                SimpleMixer::~SimpleMixer()
                0x0000000008003f80                SimpleMixer::~SimpleMixer()
 .text._ZN11SimpleMixerD0Ev
                0x0000000008003f98       0x20 CMakeFiles/px4io-v2.dir/__/systemlib/mixer/mixer_simple.cpp.obj
                0x0000000008003f98                SimpleMixer::~SimpleMixer()
 .text._ZN11SimpleMixer3mixEPfjPt
                0x0000000008003fb8       0x78 CMakeFiles/px4io-v2.dir/__/systemlib/mixer/mixer_simple.cpp.obj
                0x0000000008003fb8                SimpleMixer::mix(float*, unsigned int, unsigned short*)
 .text._ZN11SimpleMixer19parse_output_scalerEPKcRjR14mixer_scaler_s
                0x0000000008004030       0xa8 CMakeFiles/px4io-v2.dir/__/systemlib/mixer/mixer_simple.cpp.obj
                0x0000000008004030                SimpleMixer::parse_output_scaler(char const*, unsigned int&, mixer_scaler_s&)
 .text._ZN11SimpleMixer20parse_control_scalerEPKcRjR14mixer_scaler_sRhS5_
                0x00000000080040d8       0xb8 CMakeFiles/px4io-v2.dir/__/systemlib/mixer/mixer_simple.cpp.obj
                0x00000000080040d8                SimpleMixer::parse_control_scaler(char const*, unsigned int&, mixer_scaler_s&, unsigned char&, unsigned char&)
 .text._ZN11SimpleMixer9from_textEPFijhhRfEjPKcRj
                0x0000000008004190       0xc4 CMakeFiles/px4io-v2.dir/__/systemlib/mixer/mixer_simple.cpp.obj
                0x0000000008004190                SimpleMixer::from_text(int (*)(unsigned int, unsigned char, unsigned char, float&), unsigned int, char const*, unsigned int&)
 .text.pwm_limit_init
                0x0000000008004254       0x10 CMakeFiles/px4io-v2.dir/__/systemlib/pwm_limit/pwm_limit.c.obj
                0x0000000008004254                pwm_limit_init
 .text.pwm_limit_calc
                0x0000000008004264      0x2b4 CMakeFiles/px4io-v2.dir/__/systemlib/pwm_limit/pwm_limit.c.obj
                0x0000000008004264                pwm_limit_calc
 .text.st24_common_crc8
                0x0000000008004518       0x44 CMakeFiles/px4io-v2.dir/__/__/lib/rc/st24.c.obj
                0x0000000008004518                st24_common_crc8
 .text.st24_decode
                0x000000000800455c      0x218 CMakeFiles/px4io-v2.dir/__/__/lib/rc/st24.c.obj
                0x000000000800455c                st24_decode
 .text.sumd_decode
                0x0000000008004774      0x4d0 CMakeFiles/px4io-v2.dir/__/__/lib/rc/sumd.c.obj
                0x0000000008004774                sumd_decode
 .text.sbus_config
                0x0000000008004c44       0x78 CMakeFiles/px4io-v2.dir/__/__/lib/rc/sbus.c.obj
                0x0000000008004c44                sbus_config
 .text.sbus_init
                0x0000000008004cbc       0x20 CMakeFiles/px4io-v2.dir/__/__/lib/rc/sbus.c.obj
                0x0000000008004cbc                sbus_init
 .text.sbus1_output
                0x0000000008004cdc      0x14c CMakeFiles/px4io-v2.dir/__/__/lib/rc/sbus.c.obj
                0x0000000008004cdc                sbus1_output
 .text.sbus2_output
                0x0000000008004e28        0x4 CMakeFiles/px4io-v2.dir/__/__/lib/rc/sbus.c.obj
                0x0000000008004e28                sbus2_output
 .text.sbus_parse
                0x0000000008004e2c      0x2f4 CMakeFiles/px4io-v2.dir/__/__/lib/rc/sbus.c.obj
                0x0000000008004e2c                sbus_parse
 .text.sbus_input
                0x0000000008005120       0x64 CMakeFiles/px4io-v2.dir/__/__/lib/rc/sbus.c.obj
                0x0000000008005120                sbus_input
 .text.sbus1_set_output_rate_hz
                0x0000000008005184       0x30 CMakeFiles/px4io-v2.dir/__/__/lib/rc/sbus.c.obj
                0x0000000008005184                sbus1_set_output_rate_hz
 .text.dsm_config
                0x00000000080051b4       0x80 CMakeFiles/px4io-v2.dir/__/__/lib/rc/dsm.c.obj
                0x00000000080051b4                dsm_config
 .text.dsm_init
                0x0000000008005234       0x50 CMakeFiles/px4io-v2.dir/__/__/lib/rc/dsm.c.obj
                0x0000000008005234                dsm_init
 .text.dsm_bind
                0x0000000008005284       0xa8 CMakeFiles/px4io-v2.dir/__/__/lib/rc/dsm.c.obj
                0x0000000008005284                dsm_bind
 .text.dsm_parse
                0x000000000800532c      0x364 CMakeFiles/px4io-v2.dir/__/__/lib/rc/dsm.c.obj
                0x000000000800532c                dsm_parse
 .text.dsm_input
                0x0000000008005690       0x64 CMakeFiles/px4io-v2.dir/__/__/lib/rc/dsm.c.obj
                0x0000000008005690                dsm_input
 .text.hrt_absolute_time
                0x00000000080056f4       0x4c CMakeFiles/px4io-v2.dir/__/__/drivers/stm32/drv_hrt.c.obj
                0x00000000080056f4                hrt_absolute_time
 .text.hrt_call_reschedule
                0x0000000008005740       0x58 CMakeFiles/px4io-v2.dir/__/__/drivers/stm32/drv_hrt.c.obj
 .text.hrt_call_enter
                0x0000000008005798       0x50 CMakeFiles/px4io-v2.dir/__/__/drivers/stm32/drv_hrt.c.obj
 .text.hrt_call_internal
                0x00000000080057e8       0x4c CMakeFiles/px4io-v2.dir/__/__/drivers/stm32/drv_hrt.c.obj
 .text.hrt_tim_isr
                0x0000000008005834      0x21c CMakeFiles/px4io-v2.dir/__/__/drivers/stm32/drv_hrt.c.obj
 .text.hrt_elapsed_time
                0x0000000008005a50       0x24 CMakeFiles/px4io-v2.dir/__/__/drivers/stm32/drv_hrt.c.obj
                0x0000000008005a50                hrt_elapsed_time
 .text.hrt_init
                0x0000000008005a74       0xcc CMakeFiles/px4io-v2.dir/__/__/drivers/stm32/drv_hrt.c.obj
                0x0000000008005a74                hrt_init
 .text.hrt_call_every
                0x0000000008005b40       0x38 CMakeFiles/px4io-v2.dir/__/__/drivers/stm32/drv_hrt.c.obj
                0x0000000008005b40                hrt_call_every
 .text.io_timer_handler
                0x0000000008005b78       0xcc CMakeFiles/px4io-v2.dir/__/__/drivers/stm32/drv_io_timer.c.obj
 .text.get_timer_channels
                0x0000000008005c44       0x3c CMakeFiles/px4io-v2.dir/__/__/drivers/stm32/drv_io_timer.c.obj
 .text.io_timer_handler0
                0x0000000008005c80        0x8 CMakeFiles/px4io-v2.dir/__/__/drivers/stm32/drv_io_timer.c.obj
                0x0000000008005c80                io_timer_handler0
 .text.io_timer_handler1
                0x0000000008005c88        0x8 CMakeFiles/px4io-v2.dir/__/__/drivers/stm32/drv_io_timer.c.obj
                0x0000000008005c88                io_timer_handler1
 .text.io_timer_handler2
                0x0000000008005c90        0x8 CMakeFiles/px4io-v2.dir/__/__/drivers/stm32/drv_io_timer.c.obj
                0x0000000008005c90                io_timer_handler2
 .text.io_timer_validate_channel_index
                0x0000000008005c98       0x44 CMakeFiles/px4io-v2.dir/__/__/drivers/stm32/drv_io_timer.c.obj
                0x0000000008005c98                io_timer_validate_channel_index
 .text.io_timer_is_channel_free
                0x0000000008005cdc       0x20 CMakeFiles/px4io-v2.dir/__/__/drivers/stm32/drv_io_timer.c.obj
                0x0000000008005cdc                io_timer_is_channel_free
 .text.io_timer_get_mode_channels
                0x0000000008005cfc       0x10 CMakeFiles/px4io-v2.dir/__/__/drivers/stm32/drv_io_timer.c.obj
                0x0000000008005cfc                io_timer_get_mode_channels
 .text.io_timer_set_rate
                0x0000000008005d0c       0x34 CMakeFiles/px4io-v2.dir/__/__/drivers/stm32/drv_io_timer.c.obj
                0x0000000008005d0c                io_timer_set_rate
 .text.io_timer_channel_init
                0x0000000008005d40      0x22c CMakeFiles/px4io-v2.dir/__/__/drivers/stm32/drv_io_timer.c.obj
                0x0000000008005d40                io_timer_channel_init
 .text.io_timer_set_enable
                0x0000000008005f6c      0x1b8 CMakeFiles/px4io-v2.dir/__/__/drivers/stm32/drv_io_timer.c.obj
                0x0000000008005f6c                io_timer_set_enable
 .text.io_timer_free_channel
                0x0000000008006124       0x78 CMakeFiles/px4io-v2.dir/__/__/drivers/stm32/drv_io_timer.c.obj
                0x0000000008006124                io_timer_free_channel
 .text.io_timer_set_ccr
                0x000000000800619c       0x54 CMakeFiles/px4io-v2.dir/__/__/drivers/stm32/drv_io_timer.c.obj
                0x000000000800619c                io_timer_set_ccr
 .text.io_timer_get_group
                0x00000000080061f0        0x4 CMakeFiles/px4io-v2.dir/__/__/drivers/stm32/drv_io_timer.c.obj
                0x00000000080061f0                io_timer_get_group
 .text.up_pwm_servo_set
                0x00000000080061f4        0x4 CMakeFiles/px4io-v2.dir/__/__/drivers/stm32/drv_pwm_servo.c.obj
                0x00000000080061f4                up_pwm_servo_set
 .text.up_pwm_servo_init
                0x00000000080061f8       0x74 CMakeFiles/px4io-v2.dir/__/__/drivers/stm32/drv_pwm_servo.c.obj
                0x00000000080061f8                up_pwm_servo_init
 .text.up_pwm_servo_set_rate_group_update
                0x000000000800626c       0x30 CMakeFiles/px4io-v2.dir/__/__/drivers/stm32/drv_pwm_servo.c.obj
                0x000000000800626c                up_pwm_servo_set_rate_group_update
 .text.up_pwm_servo_get_rate_group
                0x000000000800629c        0x4 CMakeFiles/px4io-v2.dir/__/__/drivers/stm32/drv_pwm_servo.c.obj
                0x000000000800629c                up_pwm_servo_get_rate_group
 .text.up_pwm_servo_arm
                0x00000000080062a0        0x8 CMakeFiles/px4io-v2.dir/__/__/drivers/stm32/drv_pwm_servo.c.obj
                0x00000000080062a0                up_pwm_servo_arm
 .text.stm32_boardinitialize
                0x00000000080062a8      0x110 CMakeFiles/px4io-v2.dir/__/__/drivers/boards/px4io-v2/px4io_init.c.obj
                0x00000000080062a8                stm32_boardinitialize
 .text.dma_reset
                0x00000000080063b8       0x70 CMakeFiles/px4io-v2.dir/serial.c.obj
 .text.rx_dma_callback
                0x0000000008006428      0x15c CMakeFiles/px4io-v2.dir/serial.c.obj
 .text.serial_interrupt
                0x0000000008006584       0xe4 CMakeFiles/px4io-v2.dir/serial.c.obj
 .text.interface_init
                0x0000000008006668       0xdc CMakeFiles/px4io-v2.dir/serial.c.obj
                0x0000000008006668                interface_init
 .text.irq_attach
                0x0000000008006744       0x38 /home/aldair/src/Firmware/px4io-v2/NuttX/nuttx-export/libs/libnuttx.a(sched-irq_attach.o)
                0x0000000008006744                irq_attach
 .text.irq_initialize
                0x000000000800677c       0x1c /home/aldair/src/Firmware/px4io-v2/NuttX/nuttx-export/libs/libnuttx.a(sched-irq_initialize.o)
                0x000000000800677c                irq_initialize
 .text.irq_unexpected_isr
                0x0000000008006798       0x14 /home/aldair/src/Firmware/px4io-v2/NuttX/nuttx-export/libs/libnuttx.a(sched-irq_unexpectedisr.o)
                0x0000000008006798                irq_unexpected_isr
 .text.abort    0x00000000080067ac        0x8 /home/aldair/src/Firmware/px4io-v2/NuttX/nuttx-export/libs/libnuttx.a(c-lib_abort.o)
                0x00000000080067ac                abort
 .text.cfsetspeed
                0x00000000080067b4        0x6 /home/aldair/src/Firmware/px4io-v2/NuttX/nuttx-export/libs/libnuttx.a(c-lib_cfsetspeed.o)
                0x00000000080067b4                cfsetspeed
 *fill*         0x00000000080067ba        0x2 
 .text.crc32part
                0x00000000080067bc       0x24 /home/aldair/src/Firmware/px4io-v2/NuttX/nuttx-export/libs/libnuttx.a(c-lib_crc32.o)
                0x00000000080067bc                crc32part
 .text.lowvsyslog
                0x00000000080067e0       0x1a /home/aldair/src/Firmware/px4io-v2/NuttX/nuttx-export/libs/libnuttx.a(c-lib_lowsyslog.o)
                0x00000000080067e0                lowvsyslog
 .text.lowsyslog
                0x00000000080067fa       0x1a /home/aldair/src/Firmware/px4io-v2/NuttX/nuttx-export/libs/libnuttx.a(c-lib_lowsyslog.o)
                0x00000000080067fa                lowsyslog
 .text.memchr   0x0000000008006814       0x1e /home/aldair/src/Firmware/px4io-v2/NuttX/nuttx-export/libs/libnuttx.a(c-lib_memchr.o)
                0x0000000008006814                memchr
 .text.memcpy   0x0000000008006832       0x16 /home/aldair/src/Firmware/px4io-v2/NuttX/nuttx-export/libs/libnuttx.a(c-lib_memcpy.o)
                0x0000000008006832                memcpy
 .text.memset   0x0000000008006848       0x10 /home/aldair/src/Firmware/px4io-v2/NuttX/nuttx-export/libs/libnuttx.a(c-lib_memset.o)
                0x0000000008006848                memset
 .text.printf   0x0000000008006858       0x1a /home/aldair/src/Firmware/px4io-v2/NuttX/nuttx-export/libs/libnuttx.a(c-lib_printf.o)
                0x0000000008006858                printf
 *fill*         0x0000000008006872        0x2 
 .text.findwidth
                0x0000000008006874       0x34 /home/aldair/src/Firmware/px4io-v2/NuttX/nuttx-export/libs/libnuttx.a(c-lib_sscanf.o)
 .text.vsscanf  0x00000000080068a8      0x314 /home/aldair/src/Firmware/px4io-v2/NuttX/nuttx-export/libs/libnuttx.a(c-lib_sscanf.o)
                0x00000000080068a8                vsscanf
 .text.sscanf   0x0000000008006bbc       0x1a /home/aldair/src/Firmware/px4io-v2/NuttX/nuttx-export/libs/libnuttx.a(c-lib_sscanf.o)
                0x0000000008006bbc                sscanf
 .text.strchr   0x0000000008006bd6       0x16 /home/aldair/src/Firmware/px4io-v2/NuttX/nuttx-export/libs/libnuttx.a(c-lib_strchr.o)
                0x0000000008006bd6                strchr
 .text.strcmp   0x0000000008006bec       0x1a /home/aldair/src/Firmware/px4io-v2/NuttX/nuttx-export/libs/libnuttx.a(c-lib_strcmp.o)
                0x0000000008006bec                strcmp
 .text.strcspn  0x0000000008006c06       0x1e /home/aldair/src/Firmware/px4io-v2/NuttX/nuttx-export/libs/libnuttx.a(c-lib_strcspn.o)
                0x0000000008006c06                strcspn
 .text.strncpy  0x0000000008006c24       0x24 /home/aldair/src/Firmware/px4io-v2/NuttX/nuttx-export/libs/libnuttx.a(c-lib_strncpy.o)
                0x0000000008006c24                strncpy
 .text.strtol   0x0000000008006c48       0x3c /home/aldair/src/Firmware/px4io-v2/NuttX/nuttx-export/libs/libnuttx.a(c-lib_strtol.o)
                0x0000000008006c48                strtol
 .text.strtoul  0x0000000008006c84       0x48 /home/aldair/src/Firmware/px4io-v2/NuttX/nuttx-export/libs/libnuttx.a(c-lib_strtoul.o)
                0x0000000008006c84                strtoul
 .text.vsyslog  0x0000000008006ccc       0x1e /home/aldair/src/Firmware/px4io-v2/NuttX/nuttx-export/libs/libnuttx.a(c-lib_syslog.o)
                0x0000000008006ccc                vsyslog
 .text.tcgetattr
                0x0000000008006cea        0xa /home/aldair/src/Firmware/px4io-v2/NuttX/nuttx-export/libs/libnuttx.a(c-lib_tcgetattr.o)
                0x0000000008006cea                tcgetattr
 .text.tcsetattr
                0x0000000008006cf4       0x10 /home/aldair/src/Firmware/px4io-v2/NuttX/nuttx-export/libs/libnuttx.a(c-lib_tcsetattr.o)
                0x0000000008006cf4                tcsetattr
 .text.vsnprintf
                0x0000000008006d04       0x24 /home/aldair/src/Firmware/px4io-v2/NuttX/nuttx-export/libs/libnuttx.a(c-lib_vsnprintf.o)
                0x0000000008006d04                vsnprintf
 .text.sq_addafter
                0x0000000008006d28       0x1c /home/aldair/src/Firmware/px4io-v2/NuttX/nuttx-export/libs/libnuttx.a(c-sq_addafter.o)
                0x0000000008006d28                sq_addafter
 .text.sq_addfirst
                0x0000000008006d44        0xe /home/aldair/src/Firmware/px4io-v2/NuttX/nuttx-export/libs/libnuttx.a(c-sq_addfirst.o)
                0x0000000008006d44                sq_addfirst
 .text.sq_addlast
                0x0000000008006d52       0x14 /home/aldair/src/Firmware/px4io-v2/NuttX/nuttx-export/libs/libnuttx.a(c-sq_addlast.o)
                0x0000000008006d52                sq_addlast
 .text.sq_rem   0x0000000008006d66       0x2c /home/aldair/src/Firmware/px4io-v2/NuttX/nuttx-export/libs/libnuttx.a(c-sq_rem.o)
                0x0000000008006d66                sq_rem
 *fill*         0x0000000008006d92        0x2 
 .text.free     0x0000000008006d94       0xa8 /home/aldair/src/Firmware/px4io-v2/NuttX/nuttx-export/libs/libnuttx.a(mm-mm_free.o)
                0x0000000008006d94                free
 .text.mallinfo
                0x0000000008006e3c       0x5c /home/aldair/src/Firmware/px4io-v2/NuttX/nuttx-export/libs/libnuttx.a(mm-mm_mallinfo.o)
                0x0000000008006e3c                mallinfo
 .text.malloc   0x0000000008006e98       0x94 /home/aldair/src/Firmware/px4io-v2/NuttX/nuttx-export/libs/libnuttx.a(mm-mm_malloc.o)
                0x0000000008006e98                malloc
 .text.mm_seminitialize
                0x0000000008006f2c       0x18 /home/aldair/src/Firmware/px4io-v2/NuttX/nuttx-export/libs/libnuttx.a(mm-mm_sem.o)
                0x0000000008006f2c                mm_seminitialize
 .text.mm_trysemaphore
                0x0000000008006f44       0x32 /home/aldair/src/Firmware/px4io-v2/NuttX/nuttx-export/libs/libnuttx.a(mm-mm_sem.o)
                0x0000000008006f44                mm_trysemaphore
 *fill*         0x0000000008006f76        0x2 
 .text.mm_takesemaphore
                0x0000000008006f78       0x40 /home/aldair/src/Firmware/px4io-v2/NuttX/nuttx-export/libs/libnuttx.a(mm-mm_sem.o)
                0x0000000008006f78                mm_takesemaphore
 .text.mm_givesemaphore
                0x0000000008006fb8       0x2c /home/aldair/src/Firmware/px4io-v2/NuttX/nuttx-export/libs/libnuttx.a(mm-mm_sem.o)
                0x0000000008006fb8                mm_givesemaphore
 .text.mm_size2ndx
                0x0000000008006fe4       0x1a /home/aldair/src/Firmware/px4io-v2/NuttX/nuttx-export/libs/libnuttx.a(mm-mm_size2ndx.o)
                0x0000000008006fe4                mm_size2ndx
 *fill*         0x0000000008006ffe        0x2 
 .text.umm_initialize
                0x0000000008007000       0x10 /home/aldair/src/Firmware/px4io-v2/NuttX/nuttx-export/libs/libnuttx.a(mm-mm_user.o)
                0x0000000008007000                umm_initialize
 .text.umm_trysemaphore
                0x0000000008007010        0xc /home/aldair/src/Firmware/px4io-v2/NuttX/nuttx-export/libs/libnuttx.a(mm-mm_user.o)
                0x0000000008007010                umm_trysemaphore
 .text.umm_givesemaphore
                0x000000000800701c        0xc /home/aldair/src/Firmware/px4io-v2/NuttX/nuttx-export/libs/libnuttx.a(mm-mm_user.o)
                0x000000000800701c                umm_givesemaphore
 .text.zalloc   0x0000000008007028       0x18 /home/aldair/src/Firmware/px4io-v2/NuttX/nuttx-export/libs/libnuttx.a(mm-mm_zalloc.o)
                0x0000000008007028                zalloc
 .text.stm32_dmachandisable
                0x0000000008007040       0x20 /home/aldair/src/Firmware/px4io-v2/NuttX/nuttx-export/libs/libnuttx.a(arch-stm32_dma.o)
 .text.stm32_dmainterrupt
                0x0000000008007060       0x54 /home/aldair/src/Firmware/px4io-v2/NuttX/nuttx-export/libs/libnuttx.a(arch-stm32_dma.o)
 .text.up_dmainitialize
                0x00000000080070b4       0x3c /home/aldair/src/Firmware/px4io-v2/NuttX/nuttx-export/libs/libnuttx.a(arch-stm32_dma.o)
                0x00000000080070b4                up_dmainitialize
 .text.stm32_dmachannel
                0x00000000080070f0       0x34 /home/aldair/src/Firmware/px4io-v2/NuttX/nuttx-export/libs/libnuttx.a(arch-stm32_dma.o)
                0x00000000080070f0                stm32_dmachannel
 .text.stm32_dmafree
                0x0000000008007124        0x6 /home/aldair/src/Firmware/px4io-v2/NuttX/nuttx-export/libs/libnuttx.a(arch-stm32_dma.o)
                0x0000000008007124                stm32_dmafree
 .text.stm32_dmasetup
                0x000000000800712a       0x2a /home/aldair/src/Firmware/px4io-v2/NuttX/nuttx-export/libs/libnuttx.a(arch-stm32_dma.o)
                0x000000000800712a                stm32_dmasetup
 .text.stm32_dmastart
                0x0000000008007154       0x28 /home/aldair/src/Firmware/px4io-v2/NuttX/nuttx-export/libs/libnuttx.a(arch-stm32_dma.o)
                0x0000000008007154                stm32_dmastart
 .text.stm32_dmastop
                0x000000000800717c        0x4 /home/aldair/src/Firmware/px4io-v2/NuttX/nuttx-export/libs/libnuttx.a(arch-stm32_dma.o)
                0x000000000800717c                stm32_dmastop
 .text.stm32_dmaresidual
                0x0000000008007180        0x6 /home/aldair/src/Firmware/px4io-v2/NuttX/nuttx-export/libs/libnuttx.a(arch-stm32_dma.o)
                0x0000000008007180                stm32_dmaresidual
 *fill*         0x0000000008007186        0x2 
 .text.stm32_gpioinit
                0x0000000008007188       0x10 /home/aldair/src/Firmware/px4io-v2/NuttX/nuttx-export/libs/libnuttx.a(arch-stm32_gpio.o)
                0x0000000008007188                stm32_gpioinit
 .text.stm32_configgpio
                0x0000000008007198       0xc4 /home/aldair/src/Firmware/px4io-v2/NuttX/nuttx-export/libs/libnuttx.a(arch-stm32_gpio.o)
                0x0000000008007198                stm32_configgpio
 .text.stm32_gpiowrite
                0x000000000800725c       0x28 /home/aldair/src/Firmware/px4io-v2/NuttX/nuttx-export/libs/libnuttx.a(arch-stm32_gpio.o)
                0x000000000800725c                stm32_gpiowrite
 .text.stm32_gpioread
                0x0000000008007284       0x2c /home/aldair/src/Firmware/px4io-v2/NuttX/nuttx-export/libs/libnuttx.a(arch-stm32_gpio.o)
                0x0000000008007284                stm32_gpioread
 .text.stm32_irqinfo
                0x00000000080072b0       0x68 /home/aldair/src/Firmware/px4io-v2/NuttX/nuttx-export/libs/libnuttx.a(arch-stm32_irq.o)
 .text.up_irqinitialize
                0x0000000008007318       0x68 /home/aldair/src/Firmware/px4io-v2/NuttX/nuttx-export/libs/libnuttx.a(arch-stm32_irq.o)
                0x0000000008007318                up_irqinitialize
 .text.up_disable_irq
                0x0000000008007380       0x1e /home/aldair/src/Firmware/px4io-v2/NuttX/nuttx-export/libs/libnuttx.a(arch-stm32_irq.o)
                0x0000000008007380                up_disable_irq
 .text.up_enable_irq
                0x000000000800739e       0x1c /home/aldair/src/Firmware/px4io-v2/NuttX/nuttx-export/libs/libnuttx.a(arch-stm32_irq.o)
                0x000000000800739e                up_enable_irq
 .text.up_maskack_irq
                0x00000000080073ba        0x4 /home/aldair/src/Firmware/px4io-v2/NuttX/nuttx-export/libs/libnuttx.a(arch-stm32_irq.o)
                0x00000000080073ba                up_maskack_irq
 .text.up_restoreusartint
                0x00000000080073be       0x26 /home/aldair/src/Firmware/px4io-v2/NuttX/nuttx-export/libs/libnuttx.a(arch-stm32_serial.o)
 .text.up_set_format
                0x00000000080073e4       0x72 /home/aldair/src/Firmware/px4io-v2/NuttX/nuttx-export/libs/libnuttx.a(arch-stm32_serial.o)
 .text.up_receive
                0x0000000008007456       0x16 /home/aldair/src/Firmware/px4io-v2/NuttX/nuttx-export/libs/libnuttx.a(arch-stm32_serial.o)
 .text.up_rxint
                0x000000000800746c       0x2c /home/aldair/src/Firmware/px4io-v2/NuttX/nuttx-export/libs/libnuttx.a(arch-stm32_serial.o)
 .text.up_rxavailable
                0x0000000008007498        0xc /home/aldair/src/Firmware/px4io-v2/NuttX/nuttx-export/libs/libnuttx.a(arch-stm32_serial.o)
 .text.up_dma_rxint
                0x00000000080074a4        0x8 /home/aldair/src/Firmware/px4io-v2/NuttX/nuttx-export/libs/libnuttx.a(arch-stm32_serial.o)
 .text.up_send  0x00000000080074ac        0x8 /home/aldair/src/Firmware/px4io-v2/NuttX/nuttx-export/libs/libnuttx.a(arch-stm32_serial.o)
 .text.up_txready
                0x00000000080074b4        0xc /home/aldair/src/Firmware/px4io-v2/NuttX/nuttx-export/libs/libnuttx.a(arch-stm32_serial.o)
 .text.up_txint
                0x00000000080074c0       0x38 /home/aldair/src/Firmware/px4io-v2/NuttX/nuttx-export/libs/libnuttx.a(arch-stm32_serial.o)
 .text.up_interrupt_common
                0x00000000080074f8       0x4e /home/aldair/src/Firmware/px4io-v2/NuttX/nuttx-export/libs/libnuttx.a(arch-stm32_serial.o)
 *fill*         0x0000000008007546        0x2 
 .text.up_interrupt_usart3
                0x0000000008007548        0xc /home/aldair/src/Firmware/px4io-v2/NuttX/nuttx-export/libs/libnuttx.a(arch-stm32_serial.o)
 .text.up_interrupt_usart2
                0x0000000008007554        0xc /home/aldair/src/Firmware/px4io-v2/NuttX/nuttx-export/libs/libnuttx.a(arch-stm32_serial.o)
 .text.up_interrupt_usart1
                0x0000000008007560        0xc /home/aldair/src/Firmware/px4io-v2/NuttX/nuttx-export/libs/libnuttx.a(arch-stm32_serial.o)
 .text.up_dma_receive
                0x000000000800756c       0x28 /home/aldair/src/Firmware/px4io-v2/NuttX/nuttx-export/libs/libnuttx.a(arch-stm32_serial.o)
 .text.up_ioctl
                0x0000000008007594       0xa0 /home/aldair/src/Firmware/px4io-v2/NuttX/nuttx-export/libs/libnuttx.a(arch-stm32_serial.o)
 .text.up_detach
                0x0000000008007634       0x1a /home/aldair/src/Firmware/px4io-v2/NuttX/nuttx-export/libs/libnuttx.a(arch-stm32_serial.o)
 .text.up_attach
                0x000000000800764e       0x1e /home/aldair/src/Firmware/px4io-v2/NuttX/nuttx-export/libs/libnuttx.a(arch-stm32_serial.o)
 .text.up_setup
                0x000000000800766c       0x58 /home/aldair/src/Firmware/px4io-v2/NuttX/nuttx-export/libs/libnuttx.a(arch-stm32_serial.o)
 .text.up_dma_setup
                0x00000000080076c4       0x50 /home/aldair/src/Firmware/px4io-v2/NuttX/nuttx-export/libs/libnuttx.a(arch-stm32_serial.o)
 .text.up_shutdown
                0x0000000008007714       0x1c /home/aldair/src/Firmware/px4io-v2/NuttX/nuttx-export/libs/libnuttx.a(arch-stm32_serial.o)
 .text.up_dma_shutdown
                0x0000000008007730       0x1a /home/aldair/src/Firmware/px4io-v2/NuttX/nuttx-export/libs/libnuttx.a(arch-stm32_serial.o)
 .text.up_dma_rxavailable
                0x000000000800774a       0x18 /home/aldair/src/Firmware/px4io-v2/NuttX/nuttx-export/libs/libnuttx.a(arch-stm32_serial.o)
 .text.up_dma_rxcallback
                0x0000000008007762       0x1e /home/aldair/src/Firmware/px4io-v2/NuttX/nuttx-export/libs/libnuttx.a(arch-stm32_serial.o)
 .text.up_earlyserialinit
                0x0000000008007780       0x34 /home/aldair/src/Firmware/px4io-v2/NuttX/nuttx-export/libs/libnuttx.a(arch-stm32_serial.o)
                0x0000000008007780                up_earlyserialinit
 .text.up_serialinit
                0x00000000080077b4       0x60 /home/aldair/src/Firmware/px4io-v2/NuttX/nuttx-export/libs/libnuttx.a(arch-stm32_serial.o)
                0x00000000080077b4                up_serialinit
 .text.stm32_serial_dma_poll
                0x0000000008007814       0x34 /home/aldair/src/Firmware/px4io-v2/NuttX/nuttx-export/libs/libnuttx.a(arch-stm32_serial.o)
                0x0000000008007814                stm32_serial_dma_poll
 .text.up_putc  0x0000000008007848       0x3c /home/aldair/src/Firmware/px4io-v2/NuttX/nuttx-export/libs/libnuttx.a(arch-stm32_serial.o)
                0x0000000008007848                up_putc
 .text.__start  0x0000000008007884       0x54 /home/aldair/src/Firmware/px4io-v2/NuttX/nuttx-export/libs/libnuttx.a(arch-stm32_start.o)
                0x0000000008007884                __start
 .text.up_assert
                0x00000000080078d8      0x144 /home/aldair/src/Firmware/px4io-v2/NuttX/nuttx-export/libs/libnuttx.a(arch-up_assert.o)
                0x00000000080078d8                up_assert
 .text.up_hardfault
                0x0000000008007a1c       0x40 /home/aldair/src/Firmware/px4io-v2/NuttX/nuttx-export/libs/libnuttx.a(arch-up_hardfault.o)
                0x0000000008007a1c                up_hardfault
 .text.modifyreg32
                0x0000000008007a5c       0x1c /home/aldair/src/Firmware/px4io-v2/NuttX/nuttx-export/libs/libnuttx.a(arch-up_modifyreg32.o)
                0x0000000008007a5c                modifyreg32
 .text.up_svcall
                0x0000000008007a78       0x34 /home/aldair/src/Firmware/px4io-v2/NuttX/nuttx-export/libs/libnuttx.a(arch-up_svcall.o)
                0x0000000008007a78                up_svcall
 .text.up_systemreset
                0x0000000008007aac       0x1c /home/aldair/src/Firmware/px4io-v2/NuttX/nuttx-export/libs/libnuttx.a(arch-up_systemreset.o)
                0x0000000008007aac                up_systemreset
 .text.up_udelay
                0x0000000008007ac8       0x64 /home/aldair/src/Firmware/px4io-v2/NuttX/nuttx-export/libs/libnuttx.a(arch-up_udelay.o)
                0x0000000008007ac8                up_udelay
 .text.__cxa_atexit
                0x0000000008007b2c        0x4 /home/aldair/src/Firmware/px4io-v2/NuttX/nuttx-export/libs/libnuttx.a(cxx-libxx_cxa_atexit.o)
                0x0000000008007b2c                __cxa_atexit
 .text.__cxa_pure_virtual
                0x0000000008007b30       0x10 /home/aldair/src/Firmware/px4io-v2/NuttX/nuttx-export/libs/libnuttx.a(cxx-libxx_cxapurevirtual.o)
                0x0000000008007b30                __cxa_pure_virtual
 .text._ZdlPv   0x0000000008007b40        0x4 /home/aldair/src/Firmware/px4io-v2/NuttX/nuttx-export/libs/libnuttx.a(cxx-libxx_delete.o)
                0x0000000008007b40                operator delete(void*)
 .text.__aeabi_atexit
                0x0000000008007b44        0xa /home/aldair/src/Firmware/px4io-v2/NuttX/nuttx-export/libs/libnuttx.a(cxx-libxx_eabi_atexit.o)
                0x0000000008007b44                __aeabi_atexit
 .text._Znwj    0x0000000008007b4e        0xa /home/aldair/src/Firmware/px4io-v2/NuttX/nuttx-export/libs/libnuttx.a(cxx-libxx_new.o)
                0x0000000008007b4e                operator new(unsigned int)
 .text.ioctl    0x0000000008007b58       0x48 /home/aldair/src/Firmware/px4io-v2/NuttX/nuttx-export/libs/libnuttx.a(fs-fs_ioctl.o)
                0x0000000008007b58                ioctl
 .text.inode_checkflags
                0x0000000008007ba0       0x28 /home/aldair/src/Firmware/px4io-v2/NuttX/nuttx-export/libs/libnuttx.a(fs-fs_open.o)
                0x0000000008007ba0                inode_checkflags
 .text.open     0x0000000008007bc8       0x90 /home/aldair/src/Firmware/px4io-v2/NuttX/nuttx-export/libs/libnuttx.a(fs-fs_open.o)
                0x0000000008007bc8                open
 .text.read     0x0000000008007c58       0x62 /home/aldair/src/Firmware/px4io-v2/NuttX/nuttx-export/libs/libnuttx.a(fs-fs_read.o)
                0x0000000008007c58                read
 .text.write    0x0000000008007cba       0x54 /home/aldair/src/Firmware/px4io-v2/NuttX/nuttx-export/libs/libnuttx.a(fs-fs_write.o)
                0x0000000008007cba                write
 .text.uart_xmitchars
                0x0000000008007d0e       0x70 /home/aldair/src/Firmware/px4io-v2/NuttX/nuttx-export/libs/libnuttx.a(drivers-serialirq.o)
                0x0000000008007d0e                uart_xmitchars
 .text.uart_recvchars
                0x0000000008007d7e       0x5c /home/aldair/src/Firmware/px4io-v2/NuttX/nuttx-export/libs/libnuttx.a(drivers-serialirq.o)
                0x0000000008007d7e                uart_recvchars
 .text.uart_ioctl
                0x0000000008007dda       0xca /home/aldair/src/Firmware/px4io-v2/NuttX/nuttx-export/libs/libnuttx.a(drivers-serial.o)
 .text.uart_takesem
                0x0000000008007ea4       0x30 /home/aldair/src/Firmware/px4io-v2/NuttX/nuttx-export/libs/libnuttx.a(drivers-serial.o)
 .text.uart_putxmitchar
                0x0000000008007ed4       0x7e /home/aldair/src/Firmware/px4io-v2/NuttX/nuttx-export/libs/libnuttx.a(drivers-serial.o)
 .text.uart_write
                0x0000000008007f52       0xe8 /home/aldair/src/Firmware/px4io-v2/NuttX/nuttx-export/libs/libnuttx.a(drivers-serial.o)
 .text.uart_read
                0x000000000800803a       0xf4 /home/aldair/src/Firmware/px4io-v2/NuttX/nuttx-export/libs/libnuttx.a(drivers-serial.o)
 .text.uart_open
                0x000000000800812e       0xa2 /home/aldair/src/Firmware/px4io-v2/NuttX/nuttx-export/libs/libnuttx.a(drivers-serial.o)
 .text.uart_close
                0x00000000080081d0       0x7e /home/aldair/src/Firmware/px4io-v2/NuttX/nuttx-export/libs/libnuttx.a(drivers-serial.o)
 *fill*         0x000000000800824e        0x2 
 .text.uart_register
                0x0000000008008250       0x54 /home/aldair/src/Firmware/px4io-v2/NuttX/nuttx-export/libs/libnuttx.a(drivers-serial.o)
                0x0000000008008250                uart_register
 .text.uart_datareceived
                0x00000000080082a4       0x10 /home/aldair/src/Firmware/px4io-v2/NuttX/nuttx-export/libs/libnuttx.a(drivers-serial.o)
                0x00000000080082a4                uart_datareceived
 .text.uart_datasent
                0x00000000080082b4       0x10 /home/aldair/src/Firmware/px4io-v2/NuttX/nuttx-export/libs/libnuttx.a(drivers-serial.o)
                0x00000000080082b4                uart_datasent
 .text.get_errno_ptr
                0x00000000080082c4       0x24 /home/aldair/src/Firmware/px4io-v2/NuttX/nuttx-export/libs/libnuttx.a(sched-errno_getptr.o)
                0x00000000080082c4                get_errno_ptr
 .text.exit     0x00000000080082e8       0x1c /home/aldair/src/Firmware/px4io-v2/NuttX/nuttx-export/libs/libnuttx.a(sched-exit.o)
                0x00000000080082e8                exit
 .text.getpid   0x0000000008008304       0x10 /home/aldair/src/Firmware/px4io-v2/NuttX/nuttx-export/libs/libnuttx.a(sched-getpid.o)
                0x0000000008008304                getpid
 .text.os_start
                0x0000000008008314      0x12c /home/aldair/src/Firmware/px4io-v2/NuttX/nuttx-export/libs/libnuttx.a(sched-os_start.o)
                0x0000000008008314                os_start
 .text.sched_garbagecollection
                0x0000000008008440       0x2c /home/aldair/src/Firmware/px4io-v2/NuttX/nuttx-export/libs/libnuttx.a(sched-sched_garbage.o)
                0x0000000008008440                sched_garbagecollection
 .text.sched_getfiles
                0x000000000800846c       0x10 /home/aldair/src/Firmware/px4io-v2/NuttX/nuttx-export/libs/libnuttx.a(sched-sched_getfiles.o)
                0x000000000800846c                sched_getfiles
 .text.sem_post
                0x000000000800847c       0x58 /home/aldair/src/Firmware/px4io-v2/NuttX/nuttx-export/libs/libnuttx.a(sched-sem_post.o)
                0x000000000800847c                sem_post
 .text.sem_trywait
                0x00000000080084d4       0x4c /home/aldair/src/Firmware/px4io-v2/NuttX/nuttx-export/libs/libnuttx.a(sched-sem_trywait.o)
                0x00000000080084d4                sem_trywait
 .text.sem_wait
                0x0000000008008520       0x84 /home/aldair/src/Firmware/px4io-v2/NuttX/nuttx-export/libs/libnuttx.a(sched-sem_wait.o)
                0x0000000008008520                sem_wait
 .text.task_exithook
                0x00000000080085a4       0x1e /home/aldair/src/Firmware/px4io-v2/NuttX/nuttx-export/libs/libnuttx.a(sched-task_exithook.o)
                0x00000000080085a4                task_exithook
 .text.task_recover
                0x00000000080085c2       0x26 /home/aldair/src/Firmware/px4io-v2/NuttX/nuttx-export/libs/libnuttx.a(sched-task_recover.o)
                0x00000000080085c2                task_recover
 .text.wd_cancel
                0x00000000080085e8       0x64 /home/aldair/src/Firmware/px4io-v2/NuttX/nuttx-export/libs/libnuttx.a(sched-wd_cancel.o)
                0x00000000080085e8                wd_cancel
 .text.wd_delete
                0x000000000800864c       0x3c /home/aldair/src/Firmware/px4io-v2/NuttX/nuttx-export/libs/libnuttx.a(sched-wd_delete.o)
                0x000000000800864c                wd_delete
 .text.wd_initialize
                0x0000000008008688       0x44 /home/aldair/src/Firmware/px4io-v2/NuttX/nuttx-export/libs/libnuttx.a(sched-wd_initialize.o)
                0x0000000008008688                wd_initialize
 .text.dq_addfirst
                0x00000000080086cc       0x18 /home/aldair/src/Firmware/px4io-v2/NuttX/nuttx-export/libs/libnuttx.a(c-dq_addfirst.o)
                0x00000000080086cc                dq_addfirst
 .text.cfgetspeed
                0x00000000080086e4        0x4 /home/aldair/src/Firmware/px4io-v2/NuttX/nuttx-export/libs/libnuttx.a(c-lib_cfgetspeed.o)
                0x00000000080086e4                cfgetspeed
 .text.lib_checkbase
                0x00000000080086e8       0x52 /home/aldair/src/Firmware/px4io-v2/NuttX/nuttx-export/libs/libnuttx.a(c-lib_checkbase.o)
                0x00000000080086e8                lib_checkbase
 .text.lib_isbasedigit
                0x000000000800873a       0x4e /home/aldair/src/Firmware/px4io-v2/NuttX/nuttx-export/libs/libnuttx.a(c-lib_isbasedigit.o)
                0x000000000800873a                lib_isbasedigit
 .text.utodec   0x0000000008008788       0x24 /home/aldair/src/Firmware/px4io-v2/NuttX/nuttx-export/libs/libnuttx.a(c-lib_libvsprintf.o)
 .text.utooct   0x00000000080087ac       0x1e /home/aldair/src/Firmware/px4io-v2/NuttX/nuttx-export/libs/libnuttx.a(c-lib_libvsprintf.o)
 .text.utobin   0x00000000080087ca       0x1e /home/aldair/src/Firmware/px4io-v2/NuttX/nuttx-export/libs/libnuttx.a(c-lib_libvsprintf.o)
 .text.llutodec
                0x00000000080087e8       0x42 /home/aldair/src/Firmware/px4io-v2/NuttX/nuttx-export/libs/libnuttx.a(c-lib_libvsprintf.o)
 .text.llutooct
                0x000000000800882a       0x2e /home/aldair/src/Firmware/px4io-v2/NuttX/nuttx-export/libs/libnuttx.a(c-lib_libvsprintf.o)
 .text.llutobin
                0x0000000008008858       0x26 /home/aldair/src/Firmware/px4io-v2/NuttX/nuttx-export/libs/libnuttx.a(c-lib_libvsprintf.o)
 .text.prejustify
                0x000000000800887e       0x8a /home/aldair/src/Firmware/px4io-v2/NuttX/nuttx-export/libs/libnuttx.a(c-lib_libvsprintf.o)
 .text.utohex   0x0000000008008908       0x4c /home/aldair/src/Firmware/px4io-v2/NuttX/nuttx-export/libs/libnuttx.a(c-lib_libvsprintf.o)
 .text.utoascii
                0x0000000008008954       0x88 /home/aldair/src/Firmware/px4io-v2/NuttX/nuttx-export/libs/libnuttx.a(c-lib_libvsprintf.o)
 .text.llutohex
                0x00000000080089dc       0x5c /home/aldair/src/Firmware/px4io-v2/NuttX/nuttx-export/libs/libnuttx.a(c-lib_libvsprintf.o)
 .text.llutoascii
                0x0000000008008a38       0x92 /home/aldair/src/Firmware/px4io-v2/NuttX/nuttx-export/libs/libnuttx.a(c-lib_libvsprintf.o)
 .text.postjustify
                0x0000000008008aca       0x26 /home/aldair/src/Firmware/px4io-v2/NuttX/nuttx-export/libs/libnuttx.a(c-lib_libvsprintf.o)
 .text.lib_vsprintf
                0x0000000008008af0      0x2ac /home/aldair/src/Firmware/px4io-v2/NuttX/nuttx-export/libs/libnuttx.a(c-lib_libvsprintf.o)
                0x0000000008008af0                lib_vsprintf
 .text.lowoutstream_putc
                0x0000000008008d9c       0x16 /home/aldair/src/Firmware/px4io-v2/NuttX/nuttx-export/libs/libnuttx.a(c-lib_lowoutstream.o)
 *fill*         0x0000000008008db2        0x2 
 .text.lib_lowoutstream
                0x0000000008008db4       0x10 /home/aldair/src/Firmware/px4io-v2/NuttX/nuttx-export/libs/libnuttx.a(c-lib_lowoutstream.o)
                0x0000000008008db4                lib_lowoutstream
 .text.memoutstream_putc
                0x0000000008008dc4       0x1a /home/aldair/src/Firmware/px4io-v2/NuttX/nuttx-export/libs/libnuttx.a(c-lib_memoutstream.o)
 *fill*         0x0000000008008dde        0x2 
 .text.lib_memoutstream
                0x0000000008008de0       0x18 /home/aldair/src/Firmware/px4io-v2/NuttX/nuttx-export/libs/libnuttx.a(c-lib_memoutstream.o)
                0x0000000008008de0                lib_memoutstream
 .text.nulloutstream_putc
                0x0000000008008df8        0x8 /home/aldair/src/Firmware/px4io-v2/NuttX/nuttx-export/libs/libnuttx.a(c-lib_nulloutstream.o)
 .text.lib_nulloutstream
                0x0000000008008e00       0x10 /home/aldair/src/Firmware/px4io-v2/NuttX/nuttx-export/libs/libnuttx.a(c-lib_nulloutstream.o)
                0x0000000008008e00                lib_nulloutstream
 .text.rawoutstream_putc
                0x0000000008008e10       0x2e /home/aldair/src/Firmware/px4io-v2/NuttX/nuttx-export/libs/libnuttx.a(c-lib_rawoutstream.o)
 *fill*         0x0000000008008e3e        0x2 
 .text.lib_rawoutstream
                0x0000000008008e40       0x10 /home/aldair/src/Firmware/px4io-v2/NuttX/nuttx-export/libs/libnuttx.a(c-lib_rawoutstream.o)
                0x0000000008008e40                lib_rawoutstream
 .text.lib_skipspace
                0x0000000008008e50       0x16 /home/aldair/src/Firmware/px4io-v2/NuttX/nuttx-export/libs/libnuttx.a(c-lib_skipspace.o)
                0x0000000008008e50                lib_skipspace
 .text.strcpy   0x0000000008008e66       0x10 /home/aldair/src/Firmware/px4io-v2/NuttX/nuttx-export/libs/libnuttx.a(c-lib_strcpy.o)
                0x0000000008008e66                strcpy
 .text.strlen   0x0000000008008e76       0x10 /home/aldair/src/Firmware/px4io-v2/NuttX/nuttx-export/libs/libnuttx.a(c-lib_strlen.o)
                0x0000000008008e76                strlen
 .text.sem_init
                0x0000000008008e86       0x1e /home/aldair/src/Firmware/px4io-v2/NuttX/nuttx-export/libs/libnuttx.a(c-sem_init.o)
                0x0000000008008e86                sem_init
 .text.sq_remafter
                0x0000000008008ea4       0x22 /home/aldair/src/Firmware/px4io-v2/NuttX/nuttx-export/libs/libnuttx.a(c-sq_remafter.o)
                0x0000000008008ea4                sq_remafter
 .text.sq_remfirst
                0x0000000008008ec6       0x14 /home/aldair/src/Firmware/px4io-v2/NuttX/nuttx-export/libs/libnuttx.a(c-sq_remfirst.o)
                0x0000000008008ec6                sq_remfirst
 .text.mm_addfreechunk
                0x0000000008008eda       0x36 /home/aldair/src/Firmware/px4io-v2/NuttX/nuttx-export/libs/libnuttx.a(mm-mm_addfreechunk.o)
                0x0000000008008eda                mm_addfreechunk
 .text.mm_addregion
                0x0000000008008f10       0x50 /home/aldair/src/Firmware/px4io-v2/NuttX/nuttx-export/libs/libnuttx.a(mm-mm_initialize.o)
                0x0000000008008f10                mm_addregion
 .text.mm_initialize
                0x0000000008008f60       0x40 /home/aldair/src/Firmware/px4io-v2/NuttX/nuttx-export/libs/libnuttx.a(mm-mm_initialize.o)
                0x0000000008008f60                mm_initialize
 .text.up_allocate_heap
                0x0000000008008fa0       0x14 /home/aldair/src/Firmware/px4io-v2/NuttX/nuttx-export/libs/libnuttx.a(arch-stm32_allocateheap.o)
                0x0000000008008fa0                up_allocate_heap
 .text.up_idle  0x0000000008008fb4        0x4 /home/aldair/src/Firmware/px4io-v2/NuttX/nuttx-export/libs/libnuttx.a(arch-stm32_idle.o)
                0x0000000008008fb4                up_idle
 .text.up_lowputc
                0x0000000008008fb8       0x18 /home/aldair/src/Firmware/px4io-v2/NuttX/nuttx-export/libs/libnuttx.a(arch-stm32_lowputc.o)
                0x0000000008008fb8                up_lowputc
 .text.stm32_lowsetup
                0x0000000008008fd0       0x6c /home/aldair/src/Firmware/px4io-v2/NuttX/nuttx-export/libs/libnuttx.a(arch-stm32_lowputc.o)
                0x0000000008008fd0                stm32_lowsetup
 .text.stm32_clockconfig
                0x000000000800903c       0xe8 /home/aldair/src/Firmware/px4io-v2/NuttX/nuttx-export/libs/libnuttx.a(arch-stm32_rcc.o)
                0x000000000800903c                stm32_clockconfig
 .text.up_block_task
                0x0000000008009124       0x74 /home/aldair/src/Firmware/px4io-v2/NuttX/nuttx-export/libs/libnuttx.a(arch-up_blocktask.o)
                0x0000000008009124                up_block_task
 .text.up_copystate
                0x0000000008009198       0x16 /home/aldair/src/Firmware/px4io-v2/NuttX/nuttx-export/libs/libnuttx.a(arch-up_copystate.o)
                0x0000000008009198                up_copystate
 .text          0x00000000080091ae       0x5e /home/aldair/src/Firmware/px4io-v2/NuttX/nuttx-export/libs/libnuttx.a(arch-up_exception.o)
                0x00000000080091ae                exception_common
 .text._exit    0x000000000800920c       0x1c /home/aldair/src/Firmware/px4io-v2/NuttX/nuttx-export/libs/libnuttx.a(arch-up_exit.o)
                0x000000000800920c                _exit
 .text          0x0000000008009228        0xa /home/aldair/src/Firmware/px4io-v2/NuttX/nuttx-export/libs/libnuttx.a(arch-up_fullcontextrestore.o)
                0x0000000008009228                up_fullcontextrestore
 *fill*         0x0000000008009232        0x2 
 .text.up_initialize
                0x0000000008009234       0x28 /home/aldair/src/Firmware/px4io-v2/NuttX/nuttx-export/libs/libnuttx.a(arch-up_initialize.o)
                0x0000000008009234                up_initialize
 .text.up_initial_state
                0x000000000800925c       0x34 /home/aldair/src/Firmware/px4io-v2/NuttX/nuttx-export/libs/libnuttx.a(arch-up_initialstate.o)
                0x000000000800925c                up_initial_state
 .text.up_interrupt_context
                0x0000000008009290       0x10 /home/aldair/src/Firmware/px4io-v2/NuttX/nuttx-export/libs/libnuttx.a(arch-up_interruptcontext.o)
                0x0000000008009290                up_interrupt_context
 .text.up_mdelay
                0x00000000080092a0       0x28 /home/aldair/src/Firmware/px4io-v2/NuttX/nuttx-export/libs/libnuttx.a(arch-up_mdelay.o)
                0x00000000080092a0                up_mdelay
 .text          0x00000000080092c8        0xc /home/aldair/src/Firmware/px4io-v2/NuttX/nuttx-export/libs/libnuttx.a(arch-up_switchcontext.o)
                0x00000000080092c8                up_switchcontext
 .text.up_unblock_task
                0x00000000080092d4       0x54 /home/aldair/src/Firmware/px4io-v2/NuttX/nuttx-export/libs/libnuttx.a(arch-up_unblocktask.o)
                0x00000000080092d4                up_unblock_task
 .text._files_close
                0x0000000008009328       0x2a /home/aldair/src/Firmware/px4io-v2/NuttX/nuttx-export/libs/libnuttx.a(fs-fs_files.o)
 *fill*         0x0000000008009352        0x2 
 .text._files_semtake
                0x0000000008009354       0x24 /home/aldair/src/Firmware/px4io-v2/NuttX/nuttx-export/libs/libnuttx.a(fs-fs_files.o)
 .text.files_initialize
                0x0000000008009378        0x2 /home/aldair/src/Firmware/px4io-v2/NuttX/nuttx-export/libs/libnuttx.a(fs-fs_files.o)
                0x0000000008009378                files_initialize
 .text.files_initlist
                0x000000000800937a        0x8 /home/aldair/src/Firmware/px4io-v2/NuttX/nuttx-export/libs/libnuttx.a(fs-fs_files.o)
                0x000000000800937a                files_initlist
 .text.files_releaselist
                0x0000000008009382       0x20 /home/aldair/src/Firmware/px4io-v2/NuttX/nuttx-export/libs/libnuttx.a(fs-fs_files.o)
                0x0000000008009382                files_releaselist
 .text.files_dup
                0x00000000080093a2       0x80 /home/aldair/src/Firmware/px4io-v2/NuttX/nuttx-export/libs/libnuttx.a(fs-fs_files.o)
                0x00000000080093a2                files_dup
 .text.files_allocate
                0x0000000008009422       0x56 /home/aldair/src/Firmware/px4io-v2/NuttX/nuttx-export/libs/libnuttx.a(fs-fs_files.o)
                0x0000000008009422                files_allocate
 .text.files_close
                0x0000000008009478       0x3a /home/aldair/src/Firmware/px4io-v2/NuttX/nuttx-export/libs/libnuttx.a(fs-fs_files.o)
                0x0000000008009478                files_close
 .text.files_release
                0x00000000080094b2       0x2e /home/aldair/src/Firmware/px4io-v2/NuttX/nuttx-export/libs/libnuttx.a(fs-fs_files.o)
                0x00000000080094b2                files_release
 .text.inode_addref
                0x00000000080094e0       0x1a /home/aldair/src/Firmware/px4io-v2/NuttX/nuttx-export/libs/libnuttx.a(fs-fs_inodeaddref.o)
                0x00000000080094e0                inode_addref
 .text.inode_find
                0x00000000080094fa       0x34 /home/aldair/src/Firmware/px4io-v2/NuttX/nuttx-export/libs/libnuttx.a(fs-fs_inodefind.o)
                0x00000000080094fa                inode_find
 *fill*         0x000000000800952e        0x2 
 .text.fs_initialize
                0x0000000008009530       0x20 /home/aldair/src/Firmware/px4io-v2/NuttX/nuttx-export/libs/libnuttx.a(fs-fs_inode.o)
                0x0000000008009530                fs_initialize
 .text.inode_semtake
                0x0000000008009550       0x28 /home/aldair/src/Firmware/px4io-v2/NuttX/nuttx-export/libs/libnuttx.a(fs-fs_inode.o)
                0x0000000008009550                inode_semtake
 .text.inode_semgive
                0x0000000008009578        0xc /home/aldair/src/Firmware/px4io-v2/NuttX/nuttx-export/libs/libnuttx.a(fs-fs_inode.o)
                0x0000000008009578                inode_semgive
 .text.inode_free
                0x0000000008009584       0x1e /home/aldair/src/Firmware/px4io-v2/NuttX/nuttx-export/libs/libnuttx.a(fs-fs_inode.o)
                0x0000000008009584                inode_free
 .text.inode_nextname
                0x00000000080095a2       0x12 /home/aldair/src/Firmware/px4io-v2/NuttX/nuttx-export/libs/libnuttx.a(fs-fs_inode.o)
                0x00000000080095a2                inode_nextname
 .text.inode_search
                0x00000000080095b4       0xa4 /home/aldair/src/Firmware/px4io-v2/NuttX/nuttx-export/libs/libnuttx.a(fs-fs_inode.o)
                0x00000000080095b4                inode_search
 .text.inode_release
                0x0000000008009658       0x3e /home/aldair/src/Firmware/px4io-v2/NuttX/nuttx-export/libs/libnuttx.a(fs-fs_inoderelease.o)
                0x0000000008009658                inode_release
 .text.register_driver
                0x0000000008009696       0x32 /home/aldair/src/Firmware/px4io-v2/NuttX/nuttx-export/libs/libnuttx.a(fs-fs_registerdriver.o)
                0x0000000008009696                register_driver
 .text.group_allocate
                0x00000000080096c8       0x18 /home/aldair/src/Firmware/px4io-v2/NuttX/nuttx-export/libs/libnuttx.a(sched-group_create.o)
                0x00000000080096c8                group_allocate
 .text.group_initialize
                0x00000000080096e0        0xa /home/aldair/src/Firmware/px4io-v2/NuttX/nuttx-export/libs/libnuttx.a(sched-group_create.o)
                0x00000000080096e0                group_initialize
 .text.group_leave
                0x00000000080096ea       0x26 /home/aldair/src/Firmware/px4io-v2/NuttX/nuttx-export/libs/libnuttx.a(sched-group_leave.o)
                0x00000000080096ea                group_leave
 .text.group_setupidlefiles
                0x0000000008009710       0x38 /home/aldair/src/Firmware/px4io-v2/NuttX/nuttx-export/libs/libnuttx.a(sched-group_setupidlefiles.o)
                0x0000000008009710                group_setupidlefiles
 .text.os_bringup
                0x0000000008009748       0x34 /home/aldair/src/Firmware/px4io-v2/NuttX/nuttx-export/libs/libnuttx.a(sched-os_bringup.o)
                0x0000000008009748                os_bringup
 .text.sched_addblocked
                0x000000000800977c       0x38 /home/aldair/src/Firmware/px4io-v2/NuttX/nuttx-export/libs/libnuttx.a(sched-sched_addblocked.o)
                0x000000000800977c                sched_addblocked
 .text.sched_addprioritized
                0x00000000080097b4       0x54 /home/aldair/src/Firmware/px4io-v2/NuttX/nuttx-export/libs/libnuttx.a(sched-sched_addprioritized.o)
                0x00000000080097b4                sched_addprioritized
 .text.sched_addreadytorun
                0x0000000008009808       0x60 /home/aldair/src/Firmware/px4io-v2/NuttX/nuttx-export/libs/libnuttx.a(sched-sched_addreadytorun.o)
                0x0000000008009808                sched_addreadytorun
 .text.sched_ufree
                0x0000000008009868       0x3c /home/aldair/src/Firmware/px4io-v2/NuttX/nuttx-export/libs/libnuttx.a(sched-sched_free.o)
                0x0000000008009868                sched_ufree
 .text.sched_mergepending
                0x00000000080098a4       0x64 /home/aldair/src/Firmware/px4io-v2/NuttX/nuttx-export/libs/libnuttx.a(sched-sched_mergepending.o)
                0x00000000080098a4                sched_mergepending
 .text.sched_removeblocked
                0x0000000008009908       0x2c /home/aldair/src/Firmware/px4io-v2/NuttX/nuttx-export/libs/libnuttx.a(sched-sched_removeblocked.o)
                0x0000000008009908                sched_removeblocked
 .text.sched_removereadytorun
                0x0000000008009934       0x38 /home/aldair/src/Firmware/px4io-v2/NuttX/nuttx-export/libs/libnuttx.a(sched-sched_removereadytorun.o)
                0x0000000008009934                sched_removereadytorun
 .text.sem_destroy
                0x000000000800996c       0x26 /home/aldair/src/Firmware/px4io-v2/NuttX/nuttx-export/libs/libnuttx.a(sched-sem_destroy.o)
                0x000000000800996c                sem_destroy
 *fill*         0x0000000008009992        0x2 
 .text.thread_create
                0x0000000008009994       0xa8 /home/aldair/src/Firmware/px4io-v2/NuttX/nuttx-export/libs/libnuttx.a(sched-task_create.o)
 .text.task_create
                0x0000000008009a3c       0x1a /home/aldair/src/Firmware/px4io-v2/NuttX/nuttx-export/libs/libnuttx.a(sched-task_create.o)
                0x0000000008009a3c                task_create
 *fill*         0x0000000008009a56        0x2 
 .text.task_exit
                0x0000000008009a58       0x4c /home/aldair/src/Firmware/px4io-v2/NuttX/nuttx-export/libs/libnuttx.a(sched-task_exit.o)
                0x0000000008009a58                task_exit
 .text.task_schedsetup
                0x0000000008009aa4       0xa4 /home/aldair/src/Firmware/px4io-v2/NuttX/nuttx-export/libs/libnuttx.a(sched-task_setup.o)
                0x0000000008009aa4                task_schedsetup
 .text.task_argsetup
                0x0000000008009b48       0x5c /home/aldair/src/Firmware/px4io-v2/NuttX/nuttx-export/libs/libnuttx.a(sched-task_setup.o)
                0x0000000008009b48                task_argsetup
 .text.task_start
                0x0000000008009ba4       0x28 /home/aldair/src/Firmware/px4io-v2/NuttX/nuttx-export/libs/libnuttx.a(sched-task_start.o)
                0x0000000008009ba4                task_start
 .text.task_terminate
                0x0000000008009bcc       0x78 /home/aldair/src/Firmware/px4io-v2/NuttX/nuttx-export/libs/libnuttx.a(sched-task_terminate.o)
                0x0000000008009bcc                task_terminate
 .text.dq_addlast
                0x0000000008009c44       0x18 /home/aldair/src/Firmware/px4io-v2/NuttX/nuttx-export/libs/libnuttx.a(c-dq_addlast.o)
                0x0000000008009c44                dq_addlast
 .text.dq_rem   0x0000000008009c5c       0x1c /home/aldair/src/Firmware/px4io-v2/NuttX/nuttx-export/libs/libnuttx.a(c-dq_rem.o)
                0x0000000008009c5c                dq_rem
 .text.strdup   0x0000000008009c78       0x1c /home/aldair/src/Firmware/px4io-v2/NuttX/nuttx-export/libs/libnuttx.a(c-lib_strdup.o)
                0x0000000008009c78                strdup
 .text.up_timerisr
                0x0000000008009c94        0xa /home/aldair/src/Firmware/px4io-v2/NuttX/nuttx-export/libs/libnuttx.a(arch-stm32_timerisr.o)
                0x0000000008009c94                up_timerisr
 *fill*         0x0000000008009c9e        0x2 
 .text.up_timerinit
                0x0000000008009ca0       0x40 /home/aldair/src/Firmware/px4io-v2/NuttX/nuttx-export/libs/libnuttx.a(arch-stm32_timerisr.o)
                0x0000000008009ca0                up_timerinit
 .text.up_create_stack
                0x0000000008009ce0       0x42 /home/aldair/src/Firmware/px4io-v2/NuttX/nuttx-export/libs/libnuttx.a(arch-up_createstack.o)
                0x0000000008009ce0                up_create_stack
 *fill*         0x0000000008009d22        0x2 
 .text.up_doirq
                0x0000000008009d24       0x2c /home/aldair/src/Firmware/px4io-v2/NuttX/nuttx-export/libs/libnuttx.a(arch-up_doirq.o)
                0x0000000008009d24                up_doirq
 .text.up_release_stack
                0x0000000008009d50       0x16 /home/aldair/src/Firmware/px4io-v2/NuttX/nuttx-export/libs/libnuttx.a(arch-up_releasestack.o)
                0x0000000008009d50                up_release_stack
 .text.close    0x0000000008009d66       0x24 /home/aldair/src/Firmware/px4io-v2/NuttX/nuttx-export/libs/libnuttx.a(fs-fs_close.o)
                0x0000000008009d66                close
 .text.dup2     0x0000000008009d8a       0x4a /home/aldair/src/Firmware/px4io-v2/NuttX/nuttx-export/libs/libnuttx.a(fs-fs_filedup2.o)
                0x0000000008009d8a                dup2
 .text.inode_alloc
                0x0000000008009dd4       0x3c /home/aldair/src/Firmware/px4io-v2/NuttX/nuttx-export/libs/libnuttx.a(fs-fs_inodereserve.o)
 .text.inode_reserve
                0x0000000008009e10       0xa4 /home/aldair/src/Firmware/px4io-v2/NuttX/nuttx-export/libs/libnuttx.a(fs-fs_inodereserve.o)
                0x0000000008009e10                inode_reserve
 .text.group_setuptaskfiles
                0x0000000008009eb4        0xe /home/aldair/src/Firmware/px4io-v2/NuttX/nuttx-export/libs/libnuttx.a(sched-group_setuptaskfiles.o)
                0x0000000008009eb4                group_setuptaskfiles
 *fill*         0x0000000008009ec2        0x2 
 .text.irq_dispatch
                0x0000000008009ec4       0x20 /home/aldair/src/Firmware/px4io-v2/NuttX/nuttx-export/libs/libnuttx.a(sched-irq_dispatch.o)
                0x0000000008009ec4                irq_dispatch
 .text.sched_gettcb
                0x0000000008009ee4       0x24 /home/aldair/src/Firmware/px4io-v2/NuttX/nuttx-export/libs/libnuttx.a(sched-sched_gettcb.o)
                0x0000000008009ee4                sched_gettcb
 .text.sched_lock
                0x0000000008009f08       0x30 /home/aldair/src/Firmware/px4io-v2/NuttX/nuttx-export/libs/libnuttx.a(sched-sched_lock.o)
                0x0000000008009f08                sched_lock
 .text.sched_process_timer
                0x0000000008009f38       0x1c /home/aldair/src/Firmware/px4io-v2/NuttX/nuttx-export/libs/libnuttx.a(sched-sched_processtimer.o)
                0x0000000008009f38                sched_process_timer
 .text.sched_releasetcb
                0x0000000008009f54       0x54 /home/aldair/src/Firmware/px4io-v2/NuttX/nuttx-export/libs/libnuttx.a(sched-sched_releasetcb.o)
                0x0000000008009f54                sched_releasetcb
 .text.sched_unlock
                0x0000000008009fa8       0x48 /home/aldair/src/Firmware/px4io-v2/NuttX/nuttx-export/libs/libnuttx.a(sched-sched_unlock.o)
                0x0000000008009fa8                sched_unlock
 .text.task_activate
                0x0000000008009ff0       0x18 /home/aldair/src/Firmware/px4io-v2/NuttX/nuttx-export/libs/libnuttx.a(sched-task_activate.o)
                0x0000000008009ff0                task_activate
 .text.up_release_pending
                0x000000000800a008       0x38 /home/aldair/src/Firmware/px4io-v2/NuttX/nuttx-export/libs/libnuttx.a(arch-up_releasepending.o)
                0x000000000800a008                up_release_pending
 .text.fminf    0x000000000800a040       0x28 /usr/lib/gcc/arm-none-eabi/4.9.3/../../../arm-none-eabi/lib/armv7-m/libm.a(lib_a-sf_fmin.o)
                0x000000000800a040                fminf
 .text.__fpclassifyf
                0x000000000800a068       0x34 /usr/lib/gcc/arm-none-eabi/4.9.3/../../../arm-none-eabi/lib/armv7-m/libm.a(lib_a-sf_fpclassify.o)
                0x000000000800a068                __fpclassifyf
 .text          0x000000000800a09c       0x18 /usr/lib/gcc/arm-none-eabi/4.9.3/armv7-m/libgcc.a(_lshrdi3.o)
                0x000000000800a09c                __aeabi_llsr
                0x000000000800a09c                __lshrdi3
 .text          0x000000000800a0b4      0x21c /usr/lib/gcc/arm-none-eabi/4.9.3/armv7-m/libgcc.a(_arm_addsubsf3.o)
                0x000000000800a0b4                __aeabi_frsub
                0x000000000800a0bc                __subsf3
                0x000000000800a0bc                __aeabi_fsub
                0x000000000800a0c0                __aeabi_fadd
                0x000000000800a0c0                __addsf3
                0x000000000800a220                __aeabi_ui2f
                0x000000000800a220                __floatunsisf
                0x000000000800a228                __aeabi_i2f
                0x000000000800a228                __floatsisf
                0x000000000800a244                __floatundisf
                0x000000000800a244                __aeabi_ul2f
                0x000000000800a254                __floatdisf
                0x000000000800a254                __aeabi_l2f
 .text          0x000000000800a2d0      0x2a0 /usr/lib/gcc/arm-none-eabi/4.9.3/armv7-m/libgcc.a(_arm_muldivsf3.o)
                0x000000000800a2d0                __mulsf3
                0x000000000800a2d0                __aeabi_fmul
                0x000000000800a438                __divsf3
                0x000000000800a438                __aeabi_fdiv
 .text          0x000000000800a570       0xec /usr/lib/gcc/arm-none-eabi/4.9.3/armv7-m/libgcc.a(_arm_cmpsf2.o)
                0x000000000800a570                __gtsf2
                0x000000000800a570                __gesf2
                0x000000000800a578                __lesf2
                0x000000000800a578                __ltsf2
                0x000000000800a580                __nesf2
                0x000000000800a580                __eqsf2
                0x000000000800a580                __cmpsf2
                0x000000000800a5e0                __aeabi_cfrcmple
                0x000000000800a5e8                __aeabi_cfcmple
                0x000000000800a5e8                __aeabi_cfcmpeq
                0x000000000800a5f8                __aeabi_fcmpeq
                0x000000000800a60c                __aeabi_fcmplt
                0x000000000800a620                __aeabi_fcmple
                0x000000000800a634                __aeabi_fcmpge
                0x000000000800a648                __aeabi_fcmpgt
 .text          0x000000000800a65c       0x2c /usr/lib/gcc/arm-none-eabi/4.9.3/armv7-m/libgcc.a(_arm_unordsf2.o)
                0x000000000800a65c                __aeabi_fcmpun
                0x000000000800a65c                __unordsf2
 .text          0x000000000800a688       0x4c /usr/lib/gcc/arm-none-eabi/4.9.3/armv7-m/libgcc.a(_arm_fixsfsi.o)
                0x000000000800a688                __fixsfsi
                0x000000000800a688                __aeabi_f2iz
 .text          0x000000000800a6d4       0x40 /usr/lib/gcc/arm-none-eabi/4.9.3/armv7-m/libgcc.a(_arm_fixunssfsi.o)
                0x000000000800a6d4                __aeabi_f2uiz
                0x000000000800a6d4                __fixunssfsi
 .text          0x000000000800a714       0x30 /usr/lib/gcc/arm-none-eabi/4.9.3/armv7-m/libgcc.a(_aeabi_uldivmod.o)
                0x000000000800a714                __aeabi_uldivmod
 .text          0x000000000800a744       0x60 /usr/lib/gcc/arm-none-eabi/4.9.3/armv7-m/libgcc.a(bpabi.o)
                0x000000000800a744                __gnu_ldivmod_helper
                0x000000000800a774                __gnu_uldivmod_helper
 .text          0x000000000800a7a4        0x4 /usr/lib/gcc/arm-none-eabi/4.9.3/armv7-m/libgcc.a(_dvmd_tls.o)
                0x000000000800a7a4                __aeabi_ldiv0
                0x000000000800a7a4                __aeabi_idiv0
 .text          0x000000000800a7a8      0x2ac /usr/lib/gcc/arm-none-eabi/4.9.3/armv7-m/libgcc.a(_divdi3.o)
                0x000000000800a7a8                __divdi3
 .text          0x000000000800aa54      0x270 /usr/lib/gcc/arm-none-eabi/4.9.3/armv7-m/libgcc.a(_udivdi3.o)
                0x000000000800aa54                __udivdi3
 *(.fixup)
 *(.gnu.warning)
 *(.rodata .rodata.*)
 .rodata.str1.4
                0x000000000800acc4       0x17 CMakeFiles/px4io-v2.dir/controls.c.obj
 *fill*         0x000000000800acdb        0x1 
 .rodata.str1.4
                0x000000000800acdc       0x67 CMakeFiles/px4io-v2.dir/px4io.c.obj
 *fill*         0x000000000800ad43        0x1 
 .rodata.r_page_config
                0x000000000800ad44       0x12 CMakeFiles/px4io-v2.dir/registers.c.obj
 *fill*         0x000000000800ad56        0x2 
 .rodata.str1.4
                0x000000000800ad58       0x35 CMakeFiles/px4io-v2.dir/registers.c.obj
 *fill*         0x000000000800ad8d        0x3 
 .rodata.str1.4
                0x000000000800ad90       0x63 CMakeFiles/px4io-v2.dir/mixer.cpp.obj
 *fill*         0x000000000800adf3        0x5 
 .rodata._ZTV5Mixer
                0x000000000800adf8       0x18 CMakeFiles/px4io-v2.dir/__/systemlib/mixer/mixer.cpp.obj
                0x000000000800adf8                vtable for Mixer
 .rodata._ZTV9NullMixer
                0x000000000800ae10       0x18 CMakeFiles/px4io-v2.dir/__/systemlib/mixer/mixer.cpp.obj
                0x000000000800ae10                vtable for NullMixer
 .rodata._ZTV10MixerGroup
                0x000000000800ae28       0x18 CMakeFiles/px4io-v2.dir/__/systemlib/mixer/mixer_group.cpp.obj
                0x000000000800ae28                vtable for MixerGroup
 .rodata._ZN12_GLOBAL__N_1L13_config_tri_yE
                0x000000000800ae40       0x30 CMakeFiles/px4io-v2.dir/__/systemlib/mixer/mixer_multirotor.cpp.obj
 .rodata._ZN12_GLOBAL__N_1L19_config_twin_engineE
                0x000000000800ae70       0x20 CMakeFiles/px4io-v2.dir/__/systemlib/mixer/mixer_multirotor.cpp.obj
 .rodata._ZN12_GLOBAL__N_1L13_config_hex_xE
                0x000000000800ae90       0x60 CMakeFiles/px4io-v2.dir/__/systemlib/mixer/mixer_multirotor.cpp.obj
 .rodata._ZN12_GLOBAL__N_1L14_config_quad_hE
                0x000000000800aef0       0x40 CMakeFiles/px4io-v2.dir/__/systemlib/mixer/mixer_multirotor.cpp.obj
 .rodata._ZN12_GLOBAL__N_1L15_config_hex_coxE
                0x000000000800af30       0x60 CMakeFiles/px4io-v2.dir/__/systemlib/mixer/mixer_multirotor.cpp.obj
 .rodata._ZN12_GLOBAL__N_1L14_config_octa_xE
                0x000000000800af90       0x80 CMakeFiles/px4io-v2.dir/__/systemlib/mixer/mixer_multirotor.cpp.obj
 .rodata._ZN12_GLOBAL__N_1L19_config_rotor_countE
                0x000000000800b010       0x3c CMakeFiles/px4io-v2.dir/__/systemlib/mixer/mixer_multirotor.cpp.obj
 .rodata._ZN12_GLOBAL__N_1L20_config_quad_deadcatE
                0x000000000800b04c       0x40 CMakeFiles/px4io-v2.dir/__/systemlib/mixer/mixer_multirotor.cpp.obj
 .rodata.str1.4
                0x000000000800b08c       0x4b CMakeFiles/px4io-v2.dir/__/systemlib/mixer/mixer_multirotor.cpp.obj
 *fill*         0x000000000800b0d7        0x1 
 .rodata._ZN12_GLOBAL__N_1L16_config_hex_plusE
                0x000000000800b0d8       0x60 CMakeFiles/px4io-v2.dir/__/systemlib/mixer/mixer_multirotor.cpp.obj
 .rodata._ZN12_GLOBAL__N_1L17_config_octa_plusE
                0x000000000800b138       0x80 CMakeFiles/px4io-v2.dir/__/systemlib/mixer/mixer_multirotor.cpp.obj
 .rodata._ZN12_GLOBAL__N_1L17_config_quad_plusE
                0x000000000800b1b8       0x40 CMakeFiles/px4io-v2.dir/__/systemlib/mixer/mixer_multirotor.cpp.obj
 .rodata._ZN12_GLOBAL__N_113_config_indexE
                0x000000000800b1f8       0x3c CMakeFiles/px4io-v2.dir/__/systemlib/mixer/mixer_multirotor.cpp.obj
 .rodata._ZN12_GLOBAL__N_1L17_config_quad_wideE
                0x000000000800b234       0x40 CMakeFiles/px4io-v2.dir/__/systemlib/mixer/mixer_multirotor.cpp.obj
 .rodata._ZN12_GLOBAL__N_1L21_config_octa_cox_wideE
                0x000000000800b274       0x80 CMakeFiles/px4io-v2.dir/__/systemlib/mixer/mixer_multirotor.cpp.obj
 .rodata._ZN12_GLOBAL__N_1L14_config_quad_vE
                0x000000000800b2f4       0x40 CMakeFiles/px4io-v2.dir/__/systemlib/mixer/mixer_multirotor.cpp.obj
 .rodata._ZN12_GLOBAL__N_1L14_config_quad_xE
                0x000000000800b334       0x40 CMakeFiles/px4io-v2.dir/__/systemlib/mixer/mixer_multirotor.cpp.obj
 *fill*         0x000000000800b374        0x4 
 .rodata._ZTV15MultirotorMixer
                0x000000000800b378       0x18 CMakeFiles/px4io-v2.dir/__/systemlib/mixer/mixer_multirotor.cpp.obj
                0x000000000800b378                vtable for MultirotorMixer
 .rodata._ZN12_GLOBAL__N_1L16_config_octa_coxE
                0x000000000800b390       0x80 CMakeFiles/px4io-v2.dir/__/systemlib/mixer/mixer_multirotor.cpp.obj
 .rodata._ZTV11SimpleMixer
                0x000000000800b410       0x18 CMakeFiles/px4io-v2.dir/__/systemlib/mixer/mixer_simple.cpp.obj
                0x000000000800b410                vtable for SimpleMixer
 .rodata.str1.4
                0x000000000800b428       0x38 CMakeFiles/px4io-v2.dir/__/systemlib/mixer/mixer_simple.cpp.obj
 .rodata.str1.4
                0x000000000800b460      0x24c CMakeFiles/px4io-v2.dir/__/__/lib/rc/sumd.c.obj
                                        0x24a (size before relaxing)
 .rodata.sbus_decoder
                0x000000000800b6ac       0xc0 CMakeFiles/px4io-v2.dir/__/__/lib/rc/sbus.c.obj
 .rodata.masks.6920
                0x000000000800b76c       0x1c CMakeFiles/px4io-v2.dir/__/__/lib/rc/dsm.c.obj
 .rodata.latency_buckets
                0x000000000800b788       0x10 CMakeFiles/px4io-v2.dir/__/__/drivers/stm32/drv_hrt.c.obj
                0x000000000800b788                latency_buckets
 .rodata.io_timers
                0x000000000800b798       0x80 CMakeFiles/px4io-v2.dir/__/__/drivers/boards/px4io-v2/px4io_timer_config.c.obj
                0x000000000800b798                io_timers
 .rodata.timer_io_channels
                0x000000000800b818       0x80 CMakeFiles/px4io-v2.dir/__/__/drivers/boards/px4io-v2/px4io_timer_config.c.obj
                0x000000000800b818                timer_io_channels
 .rodata.crc8_tab
                0x000000000800b898      0x100 CMakeFiles/px4io-v2.dir/serial.c.obj
 .rodata.str1.1
                0x000000000800b998       0x14 /home/aldair/src/Firmware/px4io-v2/NuttX/nuttx-export/libs/libnuttx.a(sched-irq_unexpectedisr.o)
 .rodata.crc32_tab
                0x000000000800b9ac      0x400 /home/aldair/src/Firmware/px4io-v2/NuttX/nuttx-export/libs/libnuttx.a(c-lib_crc32.o)
 .rodata.str1.1
                0x000000000800bdac       0x14 /home/aldair/src/Firmware/px4io-v2/NuttX/nuttx-export/libs/libnuttx.a(c-lib_sscanf.o)
 .rodata.spaces
                0x000000000800bdc0        0x7 /home/aldair/src/Firmware/px4io-v2/NuttX/nuttx-export/libs/libnuttx.a(c-lib_sscanf.o)
 .rodata.str1.1
                0x000000000800bdc7        0x9 /home/aldair/src/Firmware/px4io-v2/NuttX/nuttx-export/libs/libnuttx.a(mm-mm_sem.o)
 .rodata.str1.1
                0x000000000800bdd0       0x17 /home/aldair/src/Firmware/px4io-v2/NuttX/nuttx-export/libs/libnuttx.a(arch-stm32_dma.o)
 *fill*         0x000000000800bde7        0x1 
 .rodata.g_gpiobase
                0x000000000800bde8       0x10 /home/aldair/src/Firmware/px4io-v2/NuttX/nuttx-export/libs/libnuttx.a(arch-stm32_gpio.o)
                0x000000000800bde8                g_gpiobase
 .rodata.str1.1
                0x000000000800bdf8       0x23 /home/aldair/src/Firmware/px4io-v2/NuttX/nuttx-export/libs/libnuttx.a(arch-stm32_serial.o)
 *fill*         0x000000000800be1b        0x1 
 .rodata.uart_devs
                0x000000000800be1c        0xc /home/aldair/src/Firmware/px4io-v2/NuttX/nuttx-export/libs/libnuttx.a(arch-stm32_serial.o)
 .rodata.g_uart_ops
                0x000000000800be28       0x34 /home/aldair/src/Firmware/px4io-v2/NuttX/nuttx-export/libs/libnuttx.a(arch-stm32_serial.o)
 .rodata.g_uart_dma_ops
                0x000000000800be5c       0x34 /home/aldair/src/Firmware/px4io-v2/NuttX/nuttx-export/libs/libnuttx.a(arch-stm32_serial.o)
 .rodata.str1.1
                0x000000000800be90      0x160 /home/aldair/src/Firmware/px4io-v2/NuttX/nuttx-export/libs/libnuttx.a(arch-up_assert.o)
 .rodata.str1.1
                0x000000000800bff0       0x17 /home/aldair/src/Firmware/px4io-v2/NuttX/nuttx-export/libs/libnuttx.a(arch-up_hardfault.o)
 .rodata.str1.1
                0x000000000800c007       0x19 /home/aldair/src/Firmware/px4io-v2/NuttX/nuttx-export/libs/libnuttx.a(cxx-libxx_cxapurevirtual.o)
 .rodata.str1.1
                0x000000000800c020       0x10 /home/aldair/src/Firmware/px4io-v2/NuttX/nuttx-export/libs/libnuttx.a(drivers-serial.o)
 .rodata.g_serialops
                0x000000000800c030       0x18 /home/aldair/src/Firmware/px4io-v2/NuttX/nuttx-export/libs/libnuttx.a(drivers-serial.o)
 .rodata.g_idlename
                0x000000000800c048        0xa /home/aldair/src/Firmware/px4io-v2/NuttX/nuttx-export/libs/libnuttx.a(sched-os_start.o)
 *fill*         0x000000000800c052        0x2 
 .rodata.g_tasklisttable
                0x000000000800c054       0x30 /home/aldair/src/Firmware/px4io-v2/NuttX/nuttx-export/libs/libnuttx.a(sched-os_start.o)
                0x000000000800c054                g_tasklisttable
 .rodata.str1.1
                0x000000000800c084        0xb /home/aldair/src/Firmware/px4io-v2/NuttX/nuttx-export/libs/libnuttx.a(sched-sem_post.o)
 .rodata.str1.1
                0x000000000800c08f        0xb /home/aldair/src/Firmware/px4io-v2/NuttX/nuttx-export/libs/libnuttx.a(sched-sem_wait.o)
 .rodata.str1.1
                0x000000000800c09a        0xc /home/aldair/src/Firmware/px4io-v2/NuttX/nuttx-export/libs/libnuttx.a(sched-wd_cancel.o)
 .rodata.g_nullstring
                0x000000000800c0a6        0x7 /home/aldair/src/Firmware/px4io-v2/NuttX/nuttx-export/libs/libnuttx.a(c-lib_libvsprintf.o)
 .rodata.str1.1
                0x000000000800c0ad       0x1c /home/aldair/src/Firmware/px4io-v2/NuttX/nuttx-export/libs/libnuttx.a(c-lib_libvsprintf.o)
 .rodata        0x000000000800c0c9        0x4 /home/aldair/src/Firmware/px4io-v2/NuttX/nuttx-export/libs/libnuttx.a(arch-stm32_vectors.o)
                0x000000000800c0c9                g_idle_topstack
 .rodata.str1.1
                0x000000000800c0cd       0x17 /home/aldair/src/Firmware/px4io-v2/NuttX/nuttx-export/libs/libnuttx.a(arch-up_blocktask.o)
 .rodata.str1.1
                0x000000000800c0e4       0x19 /home/aldair/src/Firmware/px4io-v2/NuttX/nuttx-export/libs/libnuttx.a(arch-up_unblocktask.o)
 .rodata.str1.1
                0x000000000800c0fd        0xb /home/aldair/src/Firmware/px4io-v2/NuttX/nuttx-export/libs/libnuttx.a(fs-fs_files.o)
 .rodata.str1.1
                0x000000000800c108        0xb /home/aldair/src/Firmware/px4io-v2/NuttX/nuttx-export/libs/libnuttx.a(fs-fs_inode.o)
 .rodata.str1.1
                0x000000000800c113        0xd /home/aldair/src/Firmware/px4io-v2/NuttX/nuttx-export/libs/libnuttx.a(sched-group_setupidlefiles.o)
 .rodata.str1.1
                0x000000000800c113       0x12 /home/aldair/src/Firmware/px4io-v2/NuttX/nuttx-export/libs/libnuttx.a(sched-os_bringup.o)
 .rodata.str1.1
                0x000000000800c125       0x13 /home/aldair/src/Firmware/px4io-v2/NuttX/nuttx-export/libs/libnuttx.a(sched-sched_addblocked.o)
 .rodata.str1.1
                0x000000000800c138       0x17 /home/aldair/src/Firmware/px4io-v2/NuttX/nuttx-export/libs/libnuttx.a(sched-sched_addprioritized.o)
 .rodata.str1.1
                0x000000000800c14f       0x16 /home/aldair/src/Firmware/px4io-v2/NuttX/nuttx-export/libs/libnuttx.a(sched-sched_addreadytorun.o)
 .rodata.str1.1
                0x000000000800c165       0x15 /home/aldair/src/Firmware/px4io-v2/NuttX/nuttx-export/libs/libnuttx.a(sched-sched_mergepending.o)
 .rodata.str1.1
                0x000000000800c17a       0x16 /home/aldair/src/Firmware/px4io-v2/NuttX/nuttx-export/libs/libnuttx.a(sched-sched_removeblocked.o)
 .rodata.str1.1
                0x000000000800c190       0x19 /home/aldair/src/Firmware/px4io-v2/NuttX/nuttx-export/libs/libnuttx.a(sched-sched_removereadytorun.o)
 .rodata.g_noname
                0x000000000800c1a9        0x9 /home/aldair/src/Firmware/px4io-v2/NuttX/nuttx-export/libs/libnuttx.a(sched-task_setup.o)
 .rodata.str1.1
                0x000000000800c1b2       0x11 /home/aldair/src/Firmware/px4io-v2/NuttX/nuttx-export/libs/libnuttx.a(sched-task_terminate.o)
 .rodata.str1.1
                0x000000000800c1c3        0xd /home/aldair/src/Firmware/px4io-v2/NuttX/nuttx-export/libs/libnuttx.a(sched-sched_lock.o)
 *(.gnu.linkonce.t.*)
 *(.glue_7)
 .glue_7        0x000000000800c1d0        0x0 linker stubs
 *(.glue_7t)
 .glue_7t       0x000000000800c1d0        0x0 linker stubs
 *(.got)
 *(.gcc_except_table)
 *(.gnu.linkonce.r.*)
                0x000000000800c1d0                _etext = ABSOLUTE (.)
                0x00000000080082c4                __errno = get_errno_ptr

.vfp11_veneer   0x000000000800c1d0        0x0
 .vfp11_veneer  0x000000000800c1d0        0x0 linker stubs

.v4_bx          0x000000000800c1d0        0x0
 .v4_bx         0x000000000800c1d0        0x0 linker stubs

.iplt           0x000000000800c1d0        0x0
 .iplt          0x000000000800c1d0        0x0 CMakeFiles/px4io-v2.dir/adc.c.obj

.init_section   0x000000000800c1d0        0x4
                0x000000000800c1d0                _sinit = ABSOLUTE (.)
 *(.init_array .init_array.*)
 .init_array    0x000000000800c1d0        0x4 CMakeFiles/px4io-v2.dir/mixer.cpp.obj
                0x000000000800c1d4                _einit = ABSOLUTE (.)

.ARM.extab
 *(.ARM.extab*)
                0x000000000800c1d4                __exidx_start = ABSOLUTE (.)

.ARM.exidx      0x000000000800c1d4        0x8
 *(.ARM.exidx*)
 .ARM.exidx     0x000000000800c1d4        0x8 /usr/lib/gcc/arm-none-eabi/4.9.3/armv7-m/libgcc.a(_divdi3.o)
 .ARM.exidx     0x000000000800c1dc        0x0 /usr/lib/gcc/arm-none-eabi/4.9.3/armv7-m/libgcc.a(_udivdi3.o)
                                          0x8 (size before relaxing)
                0x000000000800c1dc                __exidx_end = ABSOLUTE (.)
                0x000000000800c1dc                _eronly = ABSOLUTE (.)

.rel.dyn        0x000000000800c1dc        0x0
 .rel.iplt      0x000000000800c1dc        0x0 CMakeFiles/px4io-v2.dir/adc.c.obj

.data           0x0000000020000000      0x220 load address 0x000000000800c1dc
                0x0000000020000000                _sdata = ABSOLUTE (.)
 *(.data .data.*)
 .data._dsm_fd  0x0000000020000000        0x4 CMakeFiles/px4io-v2.dir/controls.c.obj
 .data._sbus_fd
                0x0000000020000004        0x4 CMakeFiles/px4io-v2.dir/controls.c.obj
                0x0000000020000004                _sbus_fd
 .data.brightness.7151
                0x0000000020000008        0x4 CMakeFiles/px4io-v2.dir/px4io.c.obj
 .data.r_page_servo_control_min
                0x000000002000000c       0x10 CMakeFiles/px4io-v2.dir/registers.c.obj
                0x000000002000000c                r_page_servo_control_min
 .data.r_page_servo_control_max
                0x000000002000001c       0x10 CMakeFiles/px4io-v2.dir/registers.c.obj
                0x000000002000001c                r_page_servo_control_max
 .data.r_page_setup
                0x000000002000002c       0x2e CMakeFiles/px4io-v2.dir/registers.c.obj
                0x000000002000002c                r_page_setup
 .data._sumd    0x000000002000005a        0x1 CMakeFiles/px4io-v2.dir/__/__/lib/rc/sumd.c.obj
                0x000000002000005a                _sumd
 *fill*         0x000000002000005b        0x1 
 .data.sbus1_frame_delay
                0x000000002000005c        0x4 CMakeFiles/px4io-v2.dir/__/__/lib/rc/sbus.c.obj
 .data.sbus_decode_state
                0x0000000020000060        0x2 CMakeFiles/px4io-v2.dir/__/__/lib/rc/sbus.c.obj
 *fill*         0x0000000020000062        0x2 
 .data.dsm_fd   0x0000000020000064        0x4 CMakeFiles/px4io-v2.dir/__/__/lib/rc/dsm.c.obj
 .data.channel_allocations
                0x0000000020000068        0x4 CMakeFiles/px4io-v2.dir/__/__/drivers/stm32/drv_io_timer.c.obj
                0x0000000020000068                channel_allocations
 .data.g_dma    0x000000002000006c       0x70 /home/aldair/src/Firmware/px4io-v2/NuttX/nuttx-export/libs/libnuttx.a(arch-stm32_dma.o)
 .data.g_usart1priv
                0x00000000200000dc       0x6c /home/aldair/src/Firmware/px4io-v2/NuttX/nuttx-export/libs/libnuttx.a(arch-stm32_serial.o)
 .data.g_usart2priv
                0x0000000020000148       0x6c /home/aldair/src/Firmware/px4io-v2/NuttX/nuttx-export/libs/libnuttx.a(arch-stm32_serial.o)
 .data.g_usart3priv
                0x00000000200001b4       0x6c /home/aldair/src/Firmware/px4io-v2/NuttX/nuttx-export/libs/libnuttx.a(arch-stm32_serial.o)
 *(.gnu.linkonce.d.*)
                0x0000000020000220                _edata = ABSOLUTE (.)
                0x0000000020000220                . = ALIGN (0x4)

.igot.plt       0x0000000020000220        0x0 load address 0x000000000800c3fc
 .igot.plt      0x0000000020000220        0x0 CMakeFiles/px4io-v2.dir/adc.c.obj

.bss            0x0000000020000220      0xb5a load address 0x000000000800c3fc
                0x0000000020000220                _sbss = ABSOLUTE (.)
 *(.bss .bss.*)
 .bss.adc_perf  0x0000000020000220        0x4 CMakeFiles/px4io-v2.dir/adc.c.obj
                0x0000000020000220                adc_perf
 .bss.c_gather_dsm
                0x0000000020000224        0x4 CMakeFiles/px4io-v2.dir/controls.c.obj
 .bss._rssi_adc_counts
                0x0000000020000228        0x4 CMakeFiles/px4io-v2.dir/controls.c.obj
 .bss.c_gather_ppm
                0x000000002000022c        0x4 CMakeFiles/px4io-v2.dir/controls.c.obj
 .bss.rc_value_override
                0x0000000020000230        0x2 CMakeFiles/px4io-v2.dir/controls.c.obj
 *fill*         0x0000000020000232        0x2 
 .bss.c_gather_sbus
                0x0000000020000234        0x4 CMakeFiles/px4io-v2.dir/controls.c.obj
 .bss.counter.7150
                0x0000000020000238        0x4 CMakeFiles/px4io-v2.dir/px4io.c.obj
 *fill*         0x000000002000023c        0x4 
 .bss.system_state
                0x0000000020000240       0x18 CMakeFiles/px4io-v2.dir/px4io.c.obj
                0x0000000020000240                system_state
 .bss.msg_next_out
                0x0000000020000258        0x1 CMakeFiles/px4io-v2.dir/px4io.c.obj
 *fill*         0x0000000020000259        0x7 
 .bss.serial_dma_call
                0x0000000020000260       0x20 CMakeFiles/px4io-v2.dir/px4io.c.obj
 .bss.msg_counter